tasks.c:3793:13:prvResetNextTaskUnblockTime	0	static
tasks.c:4987:13:prvAddCurrentTaskToDelayedList	24	static
tasks.c:3287:8:prvIdleTask	8	static,ignoring_inline_asm
tasks.c:747:13:xTaskCreate	40	static,ignoring_inline_asm
tasks.c:1129:7:vTaskDelete	16	static,ignoring_inline_asm
tasks.c:1442:14:uxTaskPriorityGet	8	static
tasks.c:1464:14:uxTaskPriorityGetFromISR	0	static,ignoring_inline_asm
tasks.c:1504:7:vTaskPrioritySet	32	static,ignoring_inline_asm
tasks.c:1815:7:vTaskResume	16	static,ignoring_inline_asm
tasks.c:1869:13:xTaskResumeFromISR	24	static,ignoring_inline_asm
tasks.c:1939:6:vTaskStartScheduler	24	static,ignoring_inline_asm
tasks.c:2061:6:vTaskEndScheduler	0	static,ignoring_inline_asm
tasks.c:2072:6:vTaskSuspendAll	0	static
tasks.c:2255:12:xTaskGetTickCount	0	static
tasks.c:2270:12:xTaskGetTickCountFromISR	0	static
tasks.c:2301:13:uxTaskGetNumberOfTasks	0	static
tasks.c:2309:7:pcTaskGetName	0	static
tasks.c:2636:12:xTaskIncrementTick	40	static
tasks.c:2145:12:xTaskResumeAll	32	static,ignoring_inline_asm
tasks.c:1221:7:vTaskDelayUntil	8	static,ignoring_inline_asm
tasks.c:1305:7:vTaskDelay	8	static,ignoring_inline_asm
tasks.c:2900:6:vTaskSwitchContext	12	static,ignoring_inline_asm
tasks.c:1668:7:vTaskSuspend	16	static,ignoring_inline_asm
tasks.c:2973:6:vTaskPlaceOnEventList	8	static
tasks.c:2990:6:vTaskPlaceOnUnorderedEventList	8	static
tasks.c:3047:12:xTaskRemoveFromEventList	16	static
tasks.c:3115:6:vTaskRemoveFromUnorderedEventList	24	static
tasks.c:3149:6:vTaskSetTimeOutState	8	static
tasks.c:3161:6:vTaskInternalSetTimeOutState	0	static
tasks.c:3169:12:xTaskCheckForTimeOut	16	static
tasks.c:3232:6:vTaskMissedYield	0	static
tasks.c:3819:15:xTaskGetCurrentTaskHandle	0	static
tasks.c:3864:13:xTaskPriorityInherit	24	static
tasks.c:3951:13:xTaskPriorityDisinherit	16	static
tasks.c:4031:7:vTaskPriorityDisinheritAfterTimeout	24	static
tasks.c:4446:12:uxTaskResetEventItemValue	0	static
tasks.c:4462:15:pvTaskIncrementMutexHeldCount	0	static
tasks.c:4479:11:ulTaskNotifyTake	16	static,ignoring_inline_asm
tasks.c:4547:13:xTaskNotifyWait	24	static,ignoring_inline_asm
tasks.c:4627:13:xTaskGenericNotify	24	static,ignoring_inline_asm
tasks.c:4741:13:xTaskGenericNotifyFromISR	32	static,ignoring_inline_asm
tasks.c:4870:7:vTaskNotifyGiveFromISR	32	static,ignoring_inline_asm
tasks.c:4957:13:xTaskNotifyStateClear	8	static
