Archive member included to satisfy reference by file (symbol)

m:/stm32cubeide_1.6.0/stm32cubeide/plugins/com.st.stm32cube.ide.mcu.externaltools.gnu-tools-for-stm32.9-2020-q2-update.win32_1.5.0.202011040924/tools/bin/../lib/gcc/arm-none-eabi/9.3.1/../../../../arm-none-eabi/lib/thumb/v7-m/nofp\libc_nano.a(lib_a-errno.o)
                              src/syscalls.o (__errno)
m:/stm32cubeide_1.6.0/stm32cubeide/plugins/com.st.stm32cube.ide.mcu.externaltools.gnu-tools-for-stm32.9-2020-q2-update.win32_1.5.0.202011040924/tools/bin/../lib/gcc/arm-none-eabi/9.3.1/../../../../arm-none-eabi/lib/thumb/v7-m/nofp\libc_nano.a(lib_a-exit.o)
                              m:/stm32cubeide_1.6.0/stm32cubeide/plugins/com.st.stm32cube.ide.mcu.externaltools.gnu-tools-for-stm32.9-2020-q2-update.win32_1.5.0.202011040924/tools/bin/../lib/gcc/arm-none-eabi/9.3.1/../../../../arm-none-eabi/lib/thumb/v7-m/nofp/crt0.o (exit)
m:/stm32cubeide_1.6.0/stm32cubeide/plugins/com.st.stm32cube.ide.mcu.externaltools.gnu-tools-for-stm32.9-2020-q2-update.win32_1.5.0.202011040924/tools/bin/../lib/gcc/arm-none-eabi/9.3.1/../../../../arm-none-eabi/lib/thumb/v7-m/nofp\libc_nano.a(lib_a-impure.o)
                              m:/stm32cubeide_1.6.0/stm32cubeide/plugins/com.st.stm32cube.ide.mcu.externaltools.gnu-tools-for-stm32.9-2020-q2-update.win32_1.5.0.202011040924/tools/bin/../lib/gcc/arm-none-eabi/9.3.1/../../../../arm-none-eabi/lib/thumb/v7-m/nofp\libc_nano.a(lib_a-exit.o) (_global_impure_ptr)
m:/stm32cubeide_1.6.0/stm32cubeide/plugins/com.st.stm32cube.ide.mcu.externaltools.gnu-tools-for-stm32.9-2020-q2-update.win32_1.5.0.202011040924/tools/bin/../lib/gcc/arm-none-eabi/9.3.1/../../../../arm-none-eabi/lib/thumb/v7-m/nofp\libc_nano.a(lib_a-init.o)
                              m:/stm32cubeide_1.6.0/stm32cubeide/plugins/com.st.stm32cube.ide.mcu.externaltools.gnu-tools-for-stm32.9-2020-q2-update.win32_1.5.0.202011040924/tools/bin/../lib/gcc/arm-none-eabi/9.3.1/../../../../arm-none-eabi/lib/thumb/v7-m/nofp/crt0.o (__libc_init_array)
m:/stm32cubeide_1.6.0/stm32cubeide/plugins/com.st.stm32cube.ide.mcu.externaltools.gnu-tools-for-stm32.9-2020-q2-update.win32_1.5.0.202011040924/tools/bin/../lib/gcc/arm-none-eabi/9.3.1/../../../../arm-none-eabi/lib/thumb/v7-m/nofp\libc_nano.a(lib_a-memcpy-stub.o)
                              FreeRTOS/queue.o (memcpy)
m:/stm32cubeide_1.6.0/stm32cubeide/plugins/com.st.stm32cube.ide.mcu.externaltools.gnu-tools-for-stm32.9-2020-q2-update.win32_1.5.0.202011040924/tools/bin/../lib/gcc/arm-none-eabi/9.3.1/../../../../arm-none-eabi/lib/thumb/v7-m/nofp\libc_nano.a(lib_a-memset.o)
                              m:/stm32cubeide_1.6.0/stm32cubeide/plugins/com.st.stm32cube.ide.mcu.externaltools.gnu-tools-for-stm32.9-2020-q2-update.win32_1.5.0.202011040924/tools/bin/../lib/gcc/arm-none-eabi/9.3.1/../../../../arm-none-eabi/lib/thumb/v7-m/nofp/crt0.o (memset)
m:/stm32cubeide_1.6.0/stm32cubeide/plugins/com.st.stm32cube.ide.mcu.externaltools.gnu-tools-for-stm32.9-2020-q2-update.win32_1.5.0.202011040924/tools/bin/../lib/gcc/arm-none-eabi/9.3.1/../../../../arm-none-eabi/lib/thumb/v7-m/nofp\libc_nano.a(lib_a-sprintf.o)
                              src/lcd.o (sprintf)
m:/stm32cubeide_1.6.0/stm32cubeide/plugins/com.st.stm32cube.ide.mcu.externaltools.gnu-tools-for-stm32.9-2020-q2-update.win32_1.5.0.202011040924/tools/bin/../lib/gcc/arm-none-eabi/9.3.1/../../../../arm-none-eabi/lib/thumb/v7-m/nofp\libc_nano.a(lib_a-strcat.o)
                              src/lcd.o (strcat)
m:/stm32cubeide_1.6.0/stm32cubeide/plugins/com.st.stm32cube.ide.mcu.externaltools.gnu-tools-for-stm32.9-2020-q2-update.win32_1.5.0.202011040924/tools/bin/../lib/gcc/arm-none-eabi/9.3.1/../../../../arm-none-eabi/lib/thumb/v7-m/nofp\libc_nano.a(lib_a-strcpy.o)
                              src/lcd.o (strcpy)
m:/stm32cubeide_1.6.0/stm32cubeide/plugins/com.st.stm32cube.ide.mcu.externaltools.gnu-tools-for-stm32.9-2020-q2-update.win32_1.5.0.202011040924/tools/bin/../lib/gcc/arm-none-eabi/9.3.1/../../../../arm-none-eabi/lib/thumb/v7-m/nofp\libc_nano.a(lib_a-strlen.o)
                              src/lcd.o (strlen)
m:/stm32cubeide_1.6.0/stm32cubeide/plugins/com.st.stm32cube.ide.mcu.externaltools.gnu-tools-for-stm32.9-2020-q2-update.win32_1.5.0.202011040924/tools/bin/../lib/gcc/arm-none-eabi/9.3.1/../../../../arm-none-eabi/lib/thumb/v7-m/nofp\libc_nano.a(lib_a-nano-svfprintf.o)
                              m:/stm32cubeide_1.6.0/stm32cubeide/plugins/com.st.stm32cube.ide.mcu.externaltools.gnu-tools-for-stm32.9-2020-q2-update.win32_1.5.0.202011040924/tools/bin/../lib/gcc/arm-none-eabi/9.3.1/../../../../arm-none-eabi/lib/thumb/v7-m/nofp\libc_nano.a(lib_a-sprintf.o) (_svfprintf_r)
m:/stm32cubeide_1.6.0/stm32cubeide/plugins/com.st.stm32cube.ide.mcu.externaltools.gnu-tools-for-stm32.9-2020-q2-update.win32_1.5.0.202011040924/tools/bin/../lib/gcc/arm-none-eabi/9.3.1/../../../../arm-none-eabi/lib/thumb/v7-m/nofp\libc_nano.a(lib_a-nano-vfprintf_i.o)
[...]
Memory Configuration

Name             Origin             Length             Attributes
RAM              0x0000000020000000 0x0000000000005000 xrw
ROM              0x0000000008000000 0x0000000000020000 xr
*default*        0x0000000000000000 0xffffffffffffffff

Linker script and memory map

LOAD m:/stm32cubeide_1.6.0/stm32cubeide/plugins/com.st.stm32cube.ide.mcu.externaltools.gnu-tools-for-stm32.9-2020-q2-update.win32_1.5.0.202011040924/tools/bin/../lib/gcc/arm-none-eabi/9.3.1/thumb/v7-m/nofp/crti.o
LOAD m:/stm32cubeide_1.6.0/stm32cubeide/plugins/com.st.stm32cube.ide.mcu.externaltools.gnu-tools-for-stm32.9-2020-q2-update.win32_1.5.0.202011040924/tools/bin/../lib/gcc/arm-none-eabi/9.3.1/thumb/v7-m/nofp/crtbegin.o
LOAD m:/stm32cubeide_1.6.0/stm32cubeide/plugins/com.st.stm32cube.ide.mcu.externaltools.gnu-tools-for-stm32.9-2020-q2-update.win32_1.5.0.202011040924/tools/bin/../lib/gcc/arm-none-eabi/9.3.1/../../../../arm-none-eabi/lib/thumb/v7-m/nofp/crt0.o
LOAD CMSIS/core/core_cm3.o
LOAD FreeRTOS/croutine.o
LOAD FreeRTOS/event_groups.o
LOAD FreeRTOS/heap_2.o
LOAD FreeRTOS/list.o
LOAD FreeRTOS/port.o
LOAD FreeRTOS/queue.o
LOAD FreeRTOS/stream_buffer.o
LOAD FreeRTOS/tasks.o
LOAD FreeRTOS/timers.o
LOAD StdPeriph_Driver/src/misc.o
LOAD StdPeriph_Driver/src/stm32f10x_adc.o
LOAD StdPeriph_Driver/src/stm32f10x_bkp.o
LOAD StdPeriph_Driver/src/stm32f10x_can.o
LOAD StdPeriph_Driver/src/stm32f10x_cec.o
LOAD StdPeriph_Driver/src/stm32f10x_crc.o
LOAD StdPeriph_Driver/src/stm32f10x_dac.o
LOAD StdPeriph_Driver/src/stm32f10x_dbgmcu.o
LOAD StdPeriph_Driver/src/stm32f10x_dma.o
LOAD StdPeriph_Driver/src/stm32f10x_exti.o
LOAD StdPeriph_Driver/src/stm32f10x_flash.o
LOAD StdPeriph_Driver/src/stm32f10x_fsmc.o
LOAD StdPeriph_Driver/src/stm32f10x_gpio.o
LOAD StdPeriph_Driver/src/stm32f10x_i2c.o
LOAD StdPeriph_Driver/src/stm32f10x_iwdg.o
LOAD StdPeriph_Driver/src/stm32f10x_pwr.o
LOAD StdPeriph_Driver/src/stm32f10x_rcc.o
LOAD StdPeriph_Driver/src/stm32f10x_rtc.o
LOAD StdPeriph_Driver/src/stm32f10x_sdio.o
LOAD StdPeriph_Driver/src/stm32f10x_spi.o
LOAD StdPeriph_Driver/src/stm32f10x_tim.o
LOAD StdPeriph_Driver/src/stm32f10x_usart.o
LOAD StdPeriph_Driver/src/stm32f10x_wwdg.o
LOAD src/lcd.o
LOAD src/main.o
LOAD src/stm32f10x_it.o
LOAD src/syscalls.o
LOAD startup/startup_stm32.o
START GROUP
LOAD m:/stm32cubeide_1.6.0/stm32cubeide/plugins/com.st.stm32cube.ide.mcu.externaltools.gnu-tools-for-stm32.9-2020-q2-update.win32_1.5.0.202011040924/tools/bin/../lib/gcc/arm-none-eabi/9.3.1/../../../../arm-none-eabi/lib/thumb/v7-m/nofp\libc_nano.a
LOAD m:/stm32cubeide_1.6.0/stm32cubeide/plugins/com.st.stm32cube.ide.mcu.externaltools.gnu-tools-for-stm32.9-2020-q2-update.win32_1.5.0.202011040924/tools/bin/../lib/gcc/arm-none-eabi/9.3.1/../../../../arm-none-eabi/lib/thumb/v7-m/nofp\libm.a
END GROUP
START GROUP
LOAD m:/stm32cubeide_1.6.0/stm32cubeide/plugins/com.st.stm32cube.ide.mcu.externaltools.gnu-tools-for-stm32.9-2020-q2-update.win32_1.5.0.202011040924/tools/bin/../lib/gcc/arm-none-eabi/9.3.1/thumb/v7-m/nofp\libgcc.a
LOAD m:/stm32cubeide_1.6.0/stm32cubeide/plugins/com.st.stm32cube.ide.mcu.externaltools.gnu-tools-for-stm32.9-2020-q2-update.win32_1.5.0.202011040924/tools/bin/../lib/gcc/arm-none-eabi/9.3.1/../../../../arm-none-eabi/lib/thumb/v7-m/nofp\libc_nano.a
END GROUP
START GROUP
LOAD m:/stm32cubeide_1.6.0/stm32cubeide/plugins/com.st.stm32cube.ide.mcu.externaltools.gnu-tools-for-stm32.9-2020-q2-update.win32_1.5.0.202011040924/tools/bin/../lib/gcc/arm-none-eabi/9.3.1/thumb/v7-m/nofp\libgcc.a
LOAD m:/stm32cubeide_1.6.0/stm32cubeide/plugins/com.st.stm32cube.ide.mcu.externaltools.gnu-tools-for-stm32.9-2020-q2-update.win32_1.5.0.202011040924/tools/bin/../lib/gcc/arm-none-eabi/9.3.1/../../../../arm-none-eabi/lib/thumb/v7-m/nofp\libc_nano.a
LOAD m:/stm32cubeide_1.6.0/stm32cubeide/plugins/com.st.stm32cube.ide.mcu.externaltools.gnu-tools-for-stm32.9-2020-q2-update.win32_1.5.0.202011040924/tools/bin/../lib/gcc/arm-none-eabi/9.3.1/../../../../arm-none-eabi/lib/thumb/v7-m/nofp\libnosys.a
END GROUP
START GROUP
LOAD m:/stm32cubeide_1.6.0/stm32cubeide/plugins/com.st.stm32cube.ide.mcu.externaltools.gnu-tools-for-stm32.9-2020-q2-update.win32_1.5.0.202011040924/tools/bin/../lib/gcc/arm-none-eabi/9.3.1/thumb/v7-m/nofp\libgcc.a
LOAD m:/stm32cubeide_1.6.0/stm32cubeide/plugins/com.st.stm32cube.ide.mcu.externaltools.gnu-tools-for-stm32.9-2020-q2-update.win32_1.5.0.202011040924/tools/bin/../lib/gcc/arm-none-eabi/9.3.1/../../../../arm-none-eabi/lib/thumb/v7-m/nofp\libc_nano.a
LOAD m:/stm32cubeide_1.6.0/stm32cubeide/plugins/com.st.stm32cube.ide.mcu.externaltools.gnu-tools-for-stm32.9-2020-q2-update.win32_1.5.0.202011040924/tools/bin/../lib/gcc/arm-none-eabi/9.3.1/../../../../arm-none-eabi/lib/thumb/v7-m/nofp\libnosys.a
END GROUP
LOAD m:/stm32cubeide_1.6.0/stm32cubeide/plugins/com.st.stm32cube.ide.mcu.externaltools.gnu-tools-for-stm32.9-2020-q2-update.win32_1.5.0.202011040924/tools/bin/../lib/gcc/arm-none-eabi/9.3.1/thumb/v7-m/nofp/crtend.o
LOAD m:/stm32cubeide_1.6.0/stm32cubeide/plugins/com.st.stm32cube.ide.mcu.externaltools.gnu-tools-for-stm32.9-2020-q2-update.win32_1.5.0.202011040924/tools/bin/../lib/gcc/arm-none-eabi/9.3.1/thumb/v7-m/nofp/crtn.o
                0x0000000020005000                _estack = 0x20005000
                0x0000000000000000                _Min_Heap_Size = 0x0
                0x0000000000000400                _Min_Stack_Size = 0x400

.isr_vector     0x0000000008000000      0x10c
                0x0000000008000000                . = ALIGN (0x4)
 *(.isr_vector)
 .isr_vector    0x0000000008000000      0x10c startup/startup_stm32.o
                0x0000000008000000                g_pfnVectors
                0x000000000800010c                . = ALIGN (0x4)

.text           0x0000000008000110     0x3450
                0x0000000008000110                . = ALIGN (0x4)
 *(.text)
 .text          0x0000000008000110       0x40 m:/stm32cubeide_1.6.0/stm32cubeide/plugins/com.st.stm32cube.ide.mcu.externaltools.gnu-tools-for-stm32.9-2020-q2-update.win32_1.5.0.202011040924/tools/bin/../lib/gcc/arm-none-eabi/9.3.1/thumb/v7-m/nofp/crtbegin.o
 .text          0x0000000008000150       0x10 m:/stm32cubeide_1.6.0/stm32cubeide/plugins/com.st.stm32cube.ide.mcu.externaltools.gnu-tools-for-stm32.9-2020-q2-update.win32_1.5.0.202011040924/tools/bin/../lib/gcc/arm-none-eabi/9.3.1/../../../../arm-none-eabi/lib/thumb/v7-m/nofp\libc_nano.a(lib_a-strlen.o)
                0x0000000008000150                strlen
 .text          0x0000000008000160       0x4c m:/stm32cubeide_1.6.0/stm32cubeide/plugins/com.st.stm32cube.ide.mcu.externaltools.gnu-tools-for-stm32.9-2020-q2-update.win32_1.5.0.202011040924/tools/bin/../lib/gcc/arm-none-eabi/9.3.1/thumb/v7-m/nofp\libgcc.a(_arm_fixsfsi.o)
                0x0000000008000160                __aeabi_f2iz
                0x0000000008000160                __fixsfsi
 *(.text*)
 .text.pvPortMalloc
                0x00000000080001ac       0xac FreeRTOS/heap_2.o
                0x00000000080001ac                pvPortMalloc
 .text.vPortFree
                0x0000000008000258       0x40 FreeRTOS/heap_2.o
                0x0000000008000258                vPortFree
 .text.vListInitialise
                0x0000000008000298       0x16 FreeRTOS/list.o
                0x0000000008000298                vListInitialise
 .text.vListInitialiseItem
                0x00000000080002ae        0x6 FreeRTOS/list.o
                0x00000000080002ae                vListInitialiseItem
 .text.vListInsertEnd
                0x00000000080002b4       0x18 FreeRTOS/list.o
                0x00000000080002b4                vListInsertEnd
 .text.vListInsert
                0x00000000080002cc       0x2e FreeRTOS/list.o
                0x00000000080002cc                vListInsert
 .text.uxListRemove
                0x00000000080002fa       0x20 FreeRTOS/list.o
                0x00000000080002fa                uxListRemove
 .text.prvTaskExitError
                0x000000000800031a       0x20 FreeRTOS/port.o
 *fill*         0x000000000800033a        0x2 
 .text.prvPortStartFirstTask
                0x000000000800033c       0x20 FreeRTOS/port.o
 .text.pxPortInitialiseStack
                0x000000000800035c       0x24 FreeRTOS/port.o
                0x000000000800035c                pxPortInitialiseStack
 .text.SVC_Handler
                0x0000000008000380       0x24 FreeRTOS/port.o
                0x0000000008000380                SVC_Handler
 .text.vPortEnterCritical
                0x00000000080003a4       0x20 FreeRTOS/port.o
                0x00000000080003a4                vPortEnterCritical
 .text.vPortExitCritical
                0x00000000080003c4       0x14 FreeRTOS/port.o
                0x00000000080003c4                vPortExitCritical
 *fill*         0x00000000080003d8        0x8 
 .text.PendSV_Handler
                0x00000000080003e0       0x44 FreeRTOS/port.o
                0x00000000080003e0                PendSV_Handler
 .text.SysTick_Handler
                0x0000000008000424       0x2c FreeRTOS/port.o
                0x0000000008000424                SysTick_Handler
 .text.vPortSetupTimerInterrupt
                0x0000000008000450       0x28 FreeRTOS/port.o
                0x0000000008000450                vPortSetupTimerInterrupt
 .text.xPortStartScheduler
                0x0000000008000478       0x38 FreeRTOS/port.o
                0x0000000008000478                xPortStartScheduler
 .text.prvIsQueueEmpty
                0x00000000080004b0       0x16 FreeRTOS/queue.o
 .text.prvCopyDataToQueue
                0x00000000080004c6       0x6a FreeRTOS/queue.o
 .text.prvCopyDataFromQueue
                0x0000000008000530       0x28 FreeRTOS/queue.o
 .text.prvUnlockQueue
                0x0000000008000558       0x70 FreeRTOS/queue.o
 .text.xQueueGenericReset
                0x00000000080005c8       0x6c FreeRTOS/queue.o
                0x00000000080005c8                xQueueGenericReset
 .text.xQueueGenericCreate
                0x0000000008000634       0x2e FreeRTOS/queue.o
                0x0000000008000634                xQueueGenericCreate
 *fill*         0x0000000008000662        0x2 
 .text.xQueueGenericSend
                0x0000000008000664      0x104 FreeRTOS/queue.o
                0x0000000008000664                xQueueGenericSend
 .text.xQueueGenericSendFromISR
                0x0000000008000768       0x68 FreeRTOS/queue.o
                0x0000000008000768                xQueueGenericSendFromISR
 .text.xQueueGiveFromISR
                0x00000000080007d0       0x5c FreeRTOS/queue.o
                0x00000000080007d0                xQueueGiveFromISR
 .text.xQueueReceive
                0x000000000800082c       0xf0 FreeRTOS/queue.o
                0x000000000800082c                xQueueReceive
 .text.xQueueSemaphoreTake
                0x000000000800091c      0x128 FreeRTOS/queue.o
                0x000000000800091c                xQueueSemaphoreTake
 .text.prvResetNextTaskUnblockTime
                0x0000000008000a44       0x20 FreeRTOS/tasks.o
 .text.prvAddCurrentTaskToDelayedList
                0x0000000008000a64       0x6c FreeRTOS/tasks.o
 .text.prvIdleTask
                0x0000000008000ad0       0x54 FreeRTOS/tasks.o
 .text.xTaskCreate
                0x0000000008000b24      0x184 FreeRTOS/tasks.o
                0x0000000008000b24                xTaskCreate
 .text.vTaskResume
                0x0000000008000ca8       0x78 FreeRTOS/tasks.o
                0x0000000008000ca8                vTaskResume
 .text.vTaskStartScheduler
                0x0000000008000d20       0x54 FreeRTOS/tasks.o
                0x0000000008000d20                vTaskStartScheduler
 .text.vTaskSuspendAll
                0x0000000008000d74       0x14 FreeRTOS/tasks.o
                0x0000000008000d74                vTaskSuspendAll
 .text.xTaskGetTickCount
                0x0000000008000d88        0xc FreeRTOS/tasks.o
                0x0000000008000d88                xTaskGetTickCount
 .text.xTaskIncrementTick
                0x0000000008000d94       0xcc FreeRTOS/tasks.o
                0x0000000008000d94                xTaskIncrementTick
 .text.xTaskResumeAll
                0x0000000008000e60       0xc0 FreeRTOS/tasks.o
                0x0000000008000e60                xTaskResumeAll
 .text.vTaskDelayUntil
                0x0000000008000f20       0x4c FreeRTOS/tasks.o
                0x0000000008000f20                vTaskDelayUntil
 .text.vTaskSwitchContext
                0x0000000008000f6c       0x50 FreeRTOS/tasks.o
                0x0000000008000f6c                vTaskSwitchContext
 .text.vTaskSuspend
                0x0000000008000fbc       0xa8 FreeRTOS/tasks.o
                0x0000000008000fbc                vTaskSuspend
 .text.vTaskPlaceOnEventList
                0x0000000008001064       0x20 FreeRTOS/tasks.o
                0x0000000008001064                vTaskPlaceOnEventList
 .text.xTaskRemoveFromEventList
                0x0000000008001084       0x5c FreeRTOS/tasks.o
                0x0000000008001084                xTaskRemoveFromEventList
 .text.vTaskInternalSetTimeOutState
                0x00000000080010e0       0x14 FreeRTOS/tasks.o
                0x00000000080010e0                vTaskInternalSetTimeOutState
 .text.xTaskCheckForTimeOut
                0x00000000080010f4       0x4c FreeRTOS/tasks.o
                0x00000000080010f4                xTaskCheckForTimeOut
 .text.vTaskMissedYield
                0x0000000008001140       0x10 FreeRTOS/tasks.o
                0x0000000008001140                vTaskMissedYield
 .text.xTaskPriorityInherit
                0x0000000008001150       0xa0 FreeRTOS/tasks.o
                0x0000000008001150                xTaskPriorityInherit
 .text.xTaskPriorityDisinherit
                0x00000000080011f0       0x70 FreeRTOS/tasks.o
                0x00000000080011f0                xTaskPriorityDisinherit
 .text.vTaskPriorityDisinheritAfterTimeout
                0x0000000008001260       0x84 FreeRTOS/tasks.o
                0x0000000008001260                vTaskPriorityDisinheritAfterTimeout
 .text.pvTaskIncrementMutexHeldCount
                0x00000000080012e4       0x18 FreeRTOS/tasks.o
                0x00000000080012e4                pvTaskIncrementMutexHeldCount
 .text.NVIC_PriorityGroupConfig
                0x00000000080012fc       0x14 StdPeriph_Driver/src/misc.o
                0x00000000080012fc                NVIC_PriorityGroupConfig
 .text.NVIC_Init
                0x0000000008001310       0x58 StdPeriph_Driver/src/misc.o
                0x0000000008001310                NVIC_Init
 .text.EXTI_Init
                0x0000000008001368       0x6c StdPeriph_Driver/src/stm32f10x_exti.o
                0x0000000008001368                EXTI_Init
 .text.EXTI_ClearITPendingBit
                0x00000000080013d4        0xc StdPeriph_Driver/src/stm32f10x_exti.o
                0x00000000080013d4                EXTI_ClearITPendingBit
 .text.FLASH_SetLatency
                0x00000000080013e0       0x14 StdPeriph_Driver/src/stm32f10x_flash.o
                0x00000000080013e0                FLASH_SetLatency
 .text.FLASH_PrefetchBufferCmd
                0x00000000080013f4       0x18 StdPeriph_Driver/src/stm32f10x_flash.o
                0x00000000080013f4                FLASH_PrefetchBufferCmd
 .text.GPIO_Init
                0x000000000800140c       0xa0 StdPeriph_Driver/src/stm32f10x_gpio.o
                0x000000000800140c                GPIO_Init
 .text.GPIO_WriteBit
                0x00000000080014ac        0xa StdPeriph_Driver/src/stm32f10x_gpio.o
                0x00000000080014ac                GPIO_WriteBit
 *fill*         0x00000000080014b6        0x2 
 .text.GPIO_PinRemapConfig
                0x00000000080014b8       0x60 StdPeriph_Driver/src/stm32f10x_gpio.o
                0x00000000080014b8                GPIO_PinRemapConfig
 .text.GPIO_EXTILineConfig
                0x0000000008001518       0x2a StdPeriph_Driver/src/stm32f10x_gpio.o
                0x0000000008001518                GPIO_EXTILineConfig
 *fill*         0x0000000008001542        0x2 
 .text.RCC_DeInit
                0x0000000008001544       0x40 StdPeriph_Driver/src/stm32f10x_rcc.o
                0x0000000008001544                RCC_DeInit
 .text.RCC_HSEConfig
                0x0000000008001584       0x38 StdPeriph_Driver/src/stm32f10x_rcc.o
                0x0000000008001584                RCC_HSEConfig
 .text.RCC_PLLConfig
                0x00000000080015bc       0x14 StdPeriph_Driver/src/stm32f10x_rcc.o
                0x00000000080015bc                RCC_PLLConfig
 .text.RCC_PLLCmd
                0x00000000080015d0        0xc StdPeriph_Driver/src/stm32f10x_rcc.o
                0x00000000080015d0                RCC_PLLCmd
 .text.RCC_SYSCLKConfig
                0x00000000080015dc       0x14 StdPeriph_Driver/src/stm32f10x_rcc.o
                0x00000000080015dc                RCC_SYSCLKConfig
 .text.RCC_GetSYSCLKSource
                0x00000000080015f0       0x10 StdPeriph_Driver/src/stm32f10x_rcc.o
                0x00000000080015f0                RCC_GetSYSCLKSource
 .text.RCC_HCLKConfig
                0x0000000008001600       0x14 StdPeriph_Driver/src/stm32f10x_rcc.o
                0x0000000008001600                RCC_HCLKConfig
 .text.RCC_PCLK1Config
                0x0000000008001614       0x14 StdPeriph_Driver/src/stm32f10x_rcc.o
                0x0000000008001614                RCC_PCLK1Config
 .text.RCC_PCLK2Config
                0x0000000008001628       0x14 StdPeriph_Driver/src/stm32f10x_rcc.o
                0x0000000008001628                RCC_PCLK2Config
 .text.RCC_GetClocksFreq
                0x000000000800163c       0x90 StdPeriph_Driver/src/stm32f10x_rcc.o
                0x000000000800163c                RCC_GetClocksFreq
 .text.RCC_APB2PeriphClockCmd
                0x00000000080016cc       0x18 StdPeriph_Driver/src/stm32f10x_rcc.o
                0x00000000080016cc                RCC_APB2PeriphClockCmd
 .text.RCC_APB1PeriphClockCmd
                0x00000000080016e4       0x18 StdPeriph_Driver/src/stm32f10x_rcc.o
                0x00000000080016e4                RCC_APB1PeriphClockCmd
 .text.RCC_GetFlagStatus
                0x00000000080016fc       0x28 StdPeriph_Driver/src/stm32f10x_rcc.o
                0x00000000080016fc                RCC_GetFlagStatus
 .text.RCC_WaitForHSEStartUp
                0x0000000008001724       0x30 StdPeriph_Driver/src/stm32f10x_rcc.o
                0x0000000008001724                RCC_WaitForHSEStartUp
 .text.SPI_Init
                0x0000000008001754       0x3e StdPeriph_Driver/src/stm32f10x_spi.o
                0x0000000008001754                SPI_Init
 .text.SPI_Cmd  0x0000000008001792       0x18 StdPeriph_Driver/src/stm32f10x_spi.o
                0x0000000008001792                SPI_Cmd
 .text.SPI_I2S_SendData
                0x00000000080017aa        0x4 StdPeriph_Driver/src/stm32f10x_spi.o
                0x00000000080017aa                SPI_I2S_SendData
 .text.SPI_I2S_ReceiveData
                0x00000000080017ae        0x6 StdPeriph_Driver/src/stm32f10x_spi.o
                0x00000000080017ae                SPI_I2S_ReceiveData
 .text.SPI_I2S_GetFlagStatus
                0x00000000080017b4        0xc StdPeriph_Driver/src/stm32f10x_spi.o
                0x00000000080017b4                SPI_I2S_GetFlagStatus
 .text.USART_Init
                0x00000000080017c0       0xa8 StdPeriph_Driver/src/stm32f10x_usart.o
                0x00000000080017c0                USART_Init
 .text.USART_Cmd
                0x0000000008001868       0x18 StdPeriph_Driver/src/stm32f10x_usart.o
                0x0000000008001868                USART_Cmd
 .text.USART_ITConfig
                0x0000000008001880       0x30 StdPeriph_Driver/src/stm32f10x_usart.o
                0x0000000008001880                USART_ITConfig
 .text.USART_SendData
                0x00000000080018b0        0x8 StdPeriph_Driver/src/stm32f10x_usart.o
                0x00000000080018b0                USART_SendData
 .text.USART_ReceiveData
                0x00000000080018b8        0x8 StdPeriph_Driver/src/stm32f10x_usart.o
                0x00000000080018b8                USART_ReceiveData
 .text.USART_GetFlagStatus
                0x00000000080018c0        0xc StdPeriph_Driver/src/stm32f10x_usart.o
                0x00000000080018c0                USART_GetFlagStatus
 .text.USART_ClearFlag
                0x00000000080018cc        0x8 StdPeriph_Driver/src/stm32f10x_usart.o
                0x00000000080018cc                USART_ClearFlag
 .text.USART_ClearITPendingBit
                0x00000000080018d4        0xe StdPeriph_Driver/src/stm32f10x_usart.o
                0x00000000080018d4                USART_ClearITPendingBit
 .text.lcd_delay_pool
                0x00000000080018e2       0x1c src/lcd.o
                0x00000000080018e2                lcd_delay_pool
 *fill*         0x00000000080018fe        0x2 
 .text.lcd_spi_send
                0x0000000008001900       0x38 src/lcd.o
                0x0000000008001900                lcd_spi_send
 .text.lcd_send_commnad
                0x0000000008001938       0x34 src/lcd.o
                0x0000000008001938                lcd_send_commnad
 .text.lcd_send_data
                0x000000000800196c       0x34 src/lcd.o
                0x000000000800196c                lcd_send_data
 .text.lcd_setAddrWindow
                0x00000000080019a0       0x50 src/lcd.o
                0x00000000080019a0                lcd_setAddrWindow
 .text.lcd_draw_pixel
                0x00000000080019f0       0x54 src/lcd.o
                0x00000000080019f0                lcd_draw_pixel
 .text.lcd_draw_fillrect
                0x0000000008001a44       0x70 src/lcd.o
                0x0000000008001a44                lcd_draw_fillrect
 .text.lcd_init
                0x0000000008001ab4      0x35c src/lcd.o
                0x0000000008001ab4                lcd_init
 .text.lcd_draw_line
                0x0000000008001e10      0x114 src/lcd.o
                0x0000000008001e10                lcd_draw_line
 .text.lcd_draw_pixelFromChar
                0x0000000008001f24       0x48 src/lcd.o
                0x0000000008001f24                lcd_draw_pixelFromChar
 .text.lcd_draw_char
                0x0000000008001f6c       0xac src/lcd.o
                0x0000000008001f6c                lcd_draw_char
 .text.lcd_draw_string
                0x0000000008002018       0x42 src/lcd.o
                0x0000000008002018                lcd_draw_string
 .text.lcd_draw_circle
                0x000000000800205a      0x11e src/lcd.o
                0x000000000800205a                lcd_draw_circle
 .text.resetBall
                0x0000000008002178       0x1c src/main.o
 .text.flash    0x0000000008002194       0x5c src/main.o
 .text.clearLcd
                0x00000000080021f0       0x16 src/main.o
 .text.drawTickedLine
                0x0000000008002206       0x88 src/main.o
 *fill*         0x000000000800228e        0x2 
 .text.printScore
                0x0000000008002290       0x38 src/main.o
 .text.updateBallTask
                0x00000000080022c8       0x80 src/main.o
 .text.restart  0x0000000008002348       0x74 src/main.o
 .text.pairingTask
                0x00000000080023bc       0x38 src/main.o
 .text.gameEndingTask
                0x00000000080023f4       0xc4 src/main.o
 .text.drawPlayersTask
                0x00000000080024b8      0x104 src/main.o
 .text.checkColisionsTask
                0x00000000080025bc      0x144 src/main.o
 .text.prvSetupUSART1
                0x0000000008002700       0x68 src/main.o
                0x0000000008002700                prvSetupUSART1
 .text.startup.main
                0x0000000008002768      0x30c src/main.o
                0x0000000008002768                main
 .text.WWDG_IRQHandler
                0x0000000008002a74        0x2 src/stm32f10x_it.o
                0x0000000008002a74                WWDG_IRQHandler
 .text.PVD_IRQHandler
                0x0000000008002a76        0x2 src/stm32f10x_it.o
                0x0000000008002a76                PVD_IRQHandler
 .text.TAMPER_IRQHandler
                0x0000000008002a78        0x2 src/stm32f10x_it.o
                0x0000000008002a78                TAMPER_IRQHandler
 .text.RTC_IRQHandler
                0x0000000008002a7a        0x2 src/stm32f10x_it.o
                0x0000000008002a7a                RTC_IRQHandler
 .text.FLASH_IRQHandler
                0x0000000008002a7c        0x2 src/stm32f10x_it.o
                0x0000000008002a7c                FLASH_IRQHandler
 .text.RCC_IRQHandler
                0x0000000008002a7e        0x2 src/stm32f10x_it.o
                0x0000000008002a7e                RCC_IRQHandler
 .text.EXTI0_IRQHandler
                0x0000000008002a80        0x2 src/stm32f10x_it.o
                0x0000000008002a80                EXTI0_IRQHandler
 *fill*         0x0000000008002a82        0x2 
 .text.EXTI1_IRQHandler
                0x0000000008002a84       0x3c src/stm32f10x_it.o
                0x0000000008002a84                EXTI1_IRQHandler
 .text.EXTI2_IRQHandler
                0x0000000008002ac0        0x2 src/stm32f10x_it.o
                0x0000000008002ac0                EXTI2_IRQHandler
 .text.EXTI3_IRQHandler
                0x0000000008002ac2        0x2 src/stm32f10x_it.o
                0x0000000008002ac2                EXTI3_IRQHandler
 .text.EXTI4_IRQHandler
                0x0000000008002ac4        0x2 src/stm32f10x_it.o
                0x0000000008002ac4                EXTI4_IRQHandler
 .text.DMA1_Channel1_IRQHandler
                0x0000000008002ac6        0x2 src/stm32f10x_it.o
                0x0000000008002ac6                DMA1_Channel1_IRQHandler
 .text.DMA1_Channel2_IRQHandler
                0x0000000008002ac8        0x2 src/stm32f10x_it.o
                0x0000000008002ac8                DMA1_Channel2_IRQHandler
 .text.DMA1_Channel3_IRQHandler
                0x0000000008002aca        0x2 src/stm32f10x_it.o
                0x0000000008002aca                DMA1_Channel3_IRQHandler
 .text.DMA1_Channel4_IRQHandler
                0x0000000008002acc        0x2 src/stm32f10x_it.o
                0x0000000008002acc                DMA1_Channel4_IRQHandler
 .text.DMA1_Channel5_IRQHandler
                0x0000000008002ace        0x2 src/stm32f10x_it.o
                0x0000000008002ace                DMA1_Channel5_IRQHandler
 .text.DMA1_Channel6_IRQHandler
                0x0000000008002ad0        0x2 src/stm32f10x_it.o
                0x0000000008002ad0                DMA1_Channel6_IRQHandler
 .text.DMA1_Channel7_IRQHandler
                0x0000000008002ad2        0x2 src/stm32f10x_it.o
                0x0000000008002ad2                DMA1_Channel7_IRQHandler
 .text.ADC1_2_IRQHandler
                0x0000000008002ad4        0x2 src/stm32f10x_it.o
                0x0000000008002ad4                ADC1_2_IRQHandler
 .text.EXTI9_5_IRQHandler
                0x0000000008002ad6        0x2 src/stm32f10x_it.o
                0x0000000008002ad6                EXTI9_5_IRQHandler
 .text.TIM1_BRK_IRQHandler
                0x0000000008002ad8        0x2 src/stm32f10x_it.o
                0x0000000008002ad8                TIM1_BRK_IRQHandler
 .text.TIM1_UP_IRQHandler
                0x0000000008002ada        0x2 src/stm32f10x_it.o
                0x0000000008002ada                TIM1_UP_IRQHandler
 .text.TIM1_TRG_COM_IRQHandler
                0x0000000008002adc        0x2 src/stm32f10x_it.o
                0x0000000008002adc                TIM1_TRG_COM_IRQHandler
 .text.TIM1_CC_IRQHandler
                0x0000000008002ade        0x2 src/stm32f10x_it.o
                0x0000000008002ade                TIM1_CC_IRQHandler
 .text.TIM2_IRQHandler
                0x0000000008002ae0        0x2 src/stm32f10x_it.o
                0x0000000008002ae0                TIM2_IRQHandler
 .text.TIM3_IRQHandler
                0x0000000008002ae2        0x2 src/stm32f10x_it.o
                0x0000000008002ae2                TIM3_IRQHandler
 .text.TIM4_IRQHandler
                0x0000000008002ae4        0x2 src/stm32f10x_it.o
                0x0000000008002ae4                TIM4_IRQHandler
 .text.I2C1_EV_IRQHandler
                0x0000000008002ae6        0x2 src/stm32f10x_it.o
                0x0000000008002ae6                I2C1_EV_IRQHandler
 .text.I2C1_ER_IRQHandler
                0x0000000008002ae8        0x2 src/stm32f10x_it.o
                0x0000000008002ae8                I2C1_ER_IRQHandler
 .text.I2C2_EV_IRQHandler
                0x0000000008002aea        0x2 src/stm32f10x_it.o
                0x0000000008002aea                I2C2_EV_IRQHandler
 .text.I2C2_ER_IRQHandler
                0x0000000008002aec        0x2 src/stm32f10x_it.o
                0x0000000008002aec                I2C2_ER_IRQHandler
 .text.SPI1_IRQHandler
                0x0000000008002aee        0x2 src/stm32f10x_it.o
                0x0000000008002aee                SPI1_IRQHandler
 .text.SPI2_IRQHandler
                0x0000000008002af0        0x2 src/stm32f10x_it.o
                0x0000000008002af0                SPI2_IRQHandler
 *fill*         0x0000000008002af2        0x2 
 .text.USART1_IRQHandler
                0x0000000008002af4       0xb4 src/stm32f10x_it.o
                0x0000000008002af4                USART1_IRQHandler
 .text.USART2_IRQHandler
                0x0000000008002ba8        0x2 src/stm32f10x_it.o
                0x0000000008002ba8                USART2_IRQHandler
 .text.USART3_IRQHandler
                0x0000000008002baa        0x2 src/stm32f10x_it.o
                0x0000000008002baa                USART3_IRQHandler
 .text.EXTI15_10_IRQHandler
                0x0000000008002bac       0x54 src/stm32f10x_it.o
                0x0000000008002bac                EXTI15_10_IRQHandler
 .text.RTCAlarm_IRQHandler
                0x0000000008002c00        0x2 src/stm32f10x_it.o
                0x0000000008002c00                RTCAlarm_IRQHandler
 .text.USBWakeUp_IRQHandler
                0x0000000008002c02        0x2 src/stm32f10x_it.o
                0x0000000008002c02                USBWakeUp_IRQHandler
 .text._sbrk    0x0000000008002c04       0x34 src/syscalls.o
                0x0000000008002c04                _sbrk
 .text.Reset_Handler
                0x0000000008002c38       0x44 startup/startup_stm32.o
                0x0000000008002c38                Reset_Handler
 .text.Default_Handler
                0x0000000008002c7c        0x2 startup/startup_stm32.o
                0x0000000008002c7c                DebugMon_Handler
                0x0000000008002c7c                HardFault_Handler
                0x0000000008002c7c                NMI_Handler
                0x0000000008002c7c                UsageFault_Handler
                0x0000000008002c7c                CAN1_RX1_IRQHandler
                0x0000000008002c7c                Default_Handler
                0x0000000008002c7c                MemManage_Handler
                0x0000000008002c7c                USB_LP_CAN1_RX0_IRQHandler
                0x0000000008002c7c                USB_HP_CAN1_TX_IRQHandler
                0x0000000008002c7c                CAN1_SCE_IRQHandler
                0x0000000008002c7c                BusFault_Handler
 *fill*         0x0000000008002c7e        0x2 
 .text.__errno  0x0000000008002c80        0xc m:/stm32cubeide_1.6.0/stm32cubeide/plugins/com.st.stm32cube.ide.mcu.externaltools.gnu-tools-for-stm32.9-2020-q2-update.win32_1.5.0.202011040924/tools/bin/../lib/gcc/arm-none-eabi/9.3.1/../../../../arm-none-eabi/lib/thumb/v7-m/nofp\libc_nano.a(lib_a-errno.o)
                0x0000000008002c80                __errno
 .text.__libc_init_array
                0x0000000008002c8c       0x48 m:/stm32cubeide_1.6.0/stm32cubeide/plugins/com.st.stm32cube.ide.mcu.externaltools.gnu-tools-for-stm32.9-2020-q2-update.win32_1.5.0.202011040924/tools/bin/../lib/gcc/arm-none-eabi/9.3.1/../../../../arm-none-eabi/lib/thumb/v7-m/nofp\libc_nano.a(lib_a-init.o)
                0x0000000008002c8c                __libc_init_array
 .text.memcpy   0x0000000008002cd4       0x1c m:/stm32cubeide_1.6.0/stm32cubeide/plugins/com.st.stm32cube.ide.mcu.externaltools.gnu-tools-for-stm32.9-2020-q2-update.win32_1.5.0.202011040924/tools/bin/../lib/gcc/arm-none-eabi/9.3.1/../../../../arm-none-eabi/lib/thumb/v7-m/nofp\libc_nano.a(lib_a-memcpy-stub.o)
                0x0000000008002cd4                memcpy
 .text.sprintf  0x0000000008002cf0       0x40 m:/stm32cubeide_1.6.0/stm32cubeide/plugins/com.st.stm32cube.ide.mcu.externaltools.gnu-tools-for-stm32.9-2020-q2-update.win32_1.5.0.202011040924/tools/bin/../lib/gcc/arm-none-eabi/9.3.1/../../../../arm-none-eabi/lib/thumb/v7-m/nofp\libc_nano.a(lib_a-sprintf.o)
                0x0000000008002cf0                siprintf
                0x0000000008002cf0                sprintf
 .text.__ssputs_r
                0x0000000008002d30       0xb6 m:/stm32cubeide_1.6.0/stm32cubeide/plugins/com.st.stm32cube.ide.mcu.externaltools.gnu-tools-for-stm32.9-2020-q2-update.win32_1.5.0.202011040924/tools/bin/../lib/gcc/arm-none-eabi/9.3.1/../../../../arm-none-eabi/lib/thumb/v7-m/nofp\libc_nano.a(lib_a-nano-svfprintf.o)
                0x0000000008002d30                __ssputs_r
 *fill*         0x0000000008002de6        0x2 
 .text._svfprintf_r
                0x0000000008002de8      0x200 m:/stm32cubeide_1.6.0/stm32cubeide/plugins/com.st.stm32cube.ide.mcu.externaltools.gnu-tools-for-stm32.9-2020-q2-update.win32_1.5.0.202011040924/tools/bin/../lib/gcc/arm-none-eabi/9.3.1/../../../../arm-none-eabi/lib/thumb/v7-m/nofp\libc_nano.a(lib_a-nano-svfprintf.o)
                0x0000000008002de8                _svfiprintf_r
                0x0000000008002de8                _svfprintf_r
 .text._printf_common
                0x0000000008002fe8       0xde m:/stm32cubeide_1.6.0/stm32cubeide/plugins/com.st.stm32cube.ide.mcu.externaltools.gnu-tools-for-stm32.9-2020-q2-update.win32_1.5.0.202011040924/tools/bin/../lib/gcc/arm-none-eabi/9.3.1/../../../../arm-none-eabi/lib/thumb/v7-m/nofp\libc_nano.a(lib_a-nano-vfprintf_i.o)
                0x0000000008002fe8                _printf_common
 *fill*         0x00000000080030c6        0x2 
 .text._printf_i
                0x00000000080030c8      0x24c m:/stm32cubeide_1.6.0/stm32cubeide/plugins/com.st.stm32cube.ide.mcu.externaltools.gnu-tools-for-stm32.9-2020-q2-update.win32_1.5.0.202011040924/tools/bin/../lib/gcc/arm-none-eabi/9.3.1/../../../../arm-none-eabi/lib/thumb/v7-m/nofp\libc_nano.a(lib_a-nano-vfprintf_i.o)
                0x00000000080030c8                _printf_i
 .text.memchr   0x0000000008003314       0x1c m:/stm32cubeide_1.6.0/stm32cubeide/plugins/com.st.stm32cube.ide.mcu.externaltools.gnu-tools-for-stm32.9-2020-q2-update.win32_1.5.0.202011040924/tools/bin/../lib/gcc/arm-none-eabi/9.3.1/../../../../arm-none-eabi/lib/thumb/v7-m/nofp\libc_nano.a(lib_a-memchr-stub.o)
                0x0000000008003314                memchr
 .text.memmove  0x0000000008003330       0x34 m:/stm32cubeide_1.6.0/stm32cubeide/plugins/com.st.stm32cube.ide.mcu.externaltools.gnu-tools-for-stm32.9-2020-q2-update.win32_1.5.0.202011040924/tools/bin/../lib/gcc/arm-none-eabi/9.3.1/../../../../arm-none-eabi/lib/thumb/v7-m/nofp\libc_nano.a(lib_a-memmove.o)
                0x0000000008003330                memmove
 .text._free_r  0x0000000008003364       0x98 m:/stm32cubeide_1.6.0/stm32cubeide/plugins/com.st.stm32cube.ide.mcu.externaltools.gnu-tools-for-stm32.9-2020-q2-update.win32_1.5.0.202011040924/tools/bin/../lib/gcc/arm-none-eabi/9.3.1/../../../../arm-none-eabi/lib/thumb/v7-m/nofp\libc_nano.a(lib_a-nano-freer.o)
                0x0000000008003364                _free_r
 .text._malloc_r
                0x00000000080033fc       0xb4 m:/stm32cubeide_1.6.0/stm32cubeide/plugins/com.st.stm32cube.ide.mcu.externaltools.gnu-tools-for-stm32.9-2020-q2-update.win32_1.5.0.202011040924/tools/bin/../lib/gcc/arm-none-eabi/9.3.1/../../../../arm-none-eabi/lib/thumb/v7-m/nofp\libc_nano.a(lib_a-nano-mallocr.o)
                0x00000000080033fc                _malloc_r
 .text._realloc_r
                0x00000000080034b0       0x4c m:/stm32cubeide_1.6.0/stm32cubeide/plugins/com.st.stm32cube.ide.mcu.externaltools.gnu-tools-for-stm32.9-2020-q2-update.win32_1.5.0.202011040924/tools/bin/../lib/gcc/arm-none-eabi/9.3.1/../../../../arm-none-eabi/lib/thumb/v7-m/nofp\libc_nano.a(lib_a-nano-reallocr.o)
                0x00000000080034b0                _realloc_r
 .text._sbrk_r  0x00000000080034fc       0x20 m:/stm32cubeide_1.6.0/stm32cubeide/plugins/com.st.stm32cube.ide.mcu.externaltools.gnu-tools-for-stm32.9-2020-q2-update.win32_1.5.0.202011040924/tools/bin/../lib/gcc/arm-none-eabi/9.3.1/../../../../arm-none-eabi/lib/thumb/v7-m/nofp\libc_nano.a(lib_a-sbrkr.o)
                0x00000000080034fc                _sbrk_r
 .text.__malloc_lock
                0x000000000800351c        0xc m:/stm32cubeide_1.6.0/stm32cubeide/plugins/com.st.stm32cube.ide.mcu.externaltools.gnu-tools-for-stm32.9-2020-q2-update.win32_1.5.0.202011040924/tools/bin/../lib/gcc/arm-none-eabi/9.3.1/../../../../arm-none-eabi/lib/thumb/v7-m/nofp\libc_nano.a(lib_a-mlock.o)
                0x000000000800351c                __malloc_lock
 .text.__malloc_unlock
                0x0000000008003528        0xc m:/stm32cubeide_1.6.0/stm32cubeide/plugins/com.st.stm32cube.ide.mcu.externaltools.gnu-tools-for-stm32.9-2020-q2-update.win32_1.5.0.202011040924/tools/bin/../lib/gcc/arm-none-eabi/9.3.1/../../../../arm-none-eabi/lib/thumb/v7-m/nofp\libc_nano.a(lib_a-mlock.o)
                0x0000000008003528                __malloc_unlock
 .text._malloc_usable_size_r
                0x0000000008003534       0x10 m:/stm32cubeide_1.6.0/stm32cubeide/plugins/com.st.stm32cube.ide.mcu.externaltools.gnu-tools-for-stm32.9-2020-q2-update.win32_1.5.0.202011040924/tools/bin/../lib/gcc/arm-none-eabi/9.3.1/../../../../arm-none-eabi/lib/thumb/v7-m/nofp\libc_nano.a(lib_a-nano-msizer.o)
                0x0000000008003534                _malloc_usable_size_r
 .text.__retarget_lock_acquire_recursive
                0x0000000008003544        0x2 m:/stm32cubeide_1.6.0/stm32cubeide/plugins/com.st.stm32cube.ide.mcu.externaltools.gnu-tools-for-stm32.9-2020-q2-update.win32_1.5.0.202011040924/tools/bin/../lib/gcc/arm-none-eabi/9.3.1/../../../../arm-none-eabi/lib/thumb/v7-m/nofp\libc_nano.a(lib_a-lock.o)
                0x0000000008003544                __retarget_lock_acquire_recursive
 .text.__retarget_lock_release_recursive
                0x0000000008003546        0x2 m:/stm32cubeide_1.6.0/stm32cubeide/plugins/com.st.stm32cube.ide.mcu.externaltools.gnu-tools-for-stm32.9-2020-q2-update.win32_1.5.0.202011040924/tools/bin/../lib/gcc/arm-none-eabi/9.3.1/../../../../arm-none-eabi/lib/thumb/v7-m/nofp\libc_nano.a(lib_a-lock.o)
                0x0000000008003546                __retarget_lock_release_recursive
 *(.glue_7)
 .glue_7        0x0000000008003548        0x0 linker stubs
 *(.glue_7t)
 .glue_7t       0x0000000008003548        0x0 linker stubs
 *(.eh_frame)
 .eh_frame      0x0000000008003548        0x0 m:/stm32cubeide_1.6.0/stm32cubeide/plugins/com.st.stm32cube.ide.mcu.externaltools.gnu-tools-for-stm32.9-2020-q2-update.win32_1.5.0.202011040924/tools/bin/../lib/gcc/arm-none-eabi/9.3.1/thumb/v7-m/nofp/crtbegin.o
 *(.init)
 .init          0x0000000008003548        0x4 m:/stm32cubeide_1.6.0/stm32cubeide/plugins/com.st.stm32cube.ide.mcu.externaltools.gnu-tools-for-stm32.9-2020-q2-update.win32_1.5.0.202011040924/tools/bin/../lib/gcc/arm-none-eabi/9.3.1/thumb/v7-m/nofp/crti.o
                0x0000000008003548                _init
 .init          0x000000000800354c        0x8 m:/stm32cubeide_1.6.0/stm32cubeide/plugins/com.st.stm32cube.ide.mcu.externaltools.gnu-tools-for-stm32.9-2020-q2-update.win32_1.5.0.202011040924/tools/bin/../lib/gcc/arm-none-eabi/9.3.1/thumb/v7-m/nofp/crtn.o
 *(.fini)
 .fini          0x0000000008003554        0x4 m:/stm32cubeide_1.6.0/stm32cubeide/plugins/com.st.stm32cube.ide.mcu.externaltools.gnu-tools-for-stm32.9-2020-q2-update.win32_1.5.0.202011040924/tools/bin/../lib/gcc/arm-none-eabi/9.3.1/thumb/v7-m/nofp/crti.o
                0x0000000008003554                _fini
 .fini          0x0000000008003558        0x8 m:/stm32cubeide_1.6.0/stm32cubeide/plugins/com.st.stm32cube.ide.mcu.externaltools.gnu-tools-for-stm32.9-2020-q2-update.win32_1.5.0.202011040924/tools/bin/../lib/gcc/arm-none-eabi/9.3.1/thumb/v7-m/nofp/crtn.o
                0x0000000008003560                . = ALIGN (0x4)
                0x0000000008003560                _etext = .

.vfp11_veneer   0x0000000008003560        0x0
 .vfp11_veneer  0x0000000008003560        0x0 linker stubs

.v4_bx          0x0000000008003560        0x0
 .v4_bx         0x0000000008003560        0x0 linker stubs

.iplt           0x0000000008003560        0x0
 .iplt          0x0000000008003560        0x0 m:/stm32cubeide_1.6.0/stm32cubeide/plugins/com.st.stm32cube.ide.mcu.externaltools.gnu-tools-for-stm32.9-2020-q2-update.win32_1.5.0.202011040924/tools/bin/../lib/gcc/arm-none-eabi/9.3.1/thumb/v7-m/nofp/crtbegin.o

.rodata         0x0000000008003560      0x598
                0x0000000008003560                . = ALIGN (0x4)
 *(.rodata)
 .rodata        0x0000000008003560      0x4fd src/lcd.o
                0x0000000008003560                font
                0x0000000008003a5b                height
                0x0000000008003a5c                width
 *fill*         0x0000000008003a5d        0x3 
 .rodata        0x0000000008003a60        0xc src/main.o
 *(.rodata*)
 .rodata.str1.1
                0x0000000008003a6c        0x5 FreeRTOS/tasks.o
 .rodata.str1.1
                0x0000000008003a71       0x51 src/main.o
 .rodata._svfprintf_r.str1.1
                0x0000000008003ac2       0x11 m:/stm32cubeide_1.6.0/stm32cubeide/plugins/com.st.stm32cube.ide.mcu.externaltools.gnu-tools-for-stm32.9-2020-q2-update.win32_1.5.0.202011040924/tools/bin/../lib/gcc/arm-none-eabi/9.3.1/../../../../arm-none-eabi/lib/thumb/v7-m/nofp\libc_nano.a(lib_a-nano-svfprintf.o)
 .rodata._printf_i.str1.1
                0x0000000008003ad3       0x22 m:/stm32cubeide_1.6.0/stm32cubeide/plugins/com.st.stm32cube.ide.mcu.externaltools.gnu-tools-for-stm32.9-2020-q2-update.win32_1.5.0.202011040924/tools/bin/../lib/gcc/arm-none-eabi/9.3.1/../../../../arm-none-eabi/lib/thumb/v7-m/nofp\libc_nano.a(lib_a-nano-vfprintf_i.o)
                0x0000000008003af8                . = ALIGN (0x4)
 *fill*         0x0000000008003af5        0x3 

.rel.dyn        0x0000000008003af8        0x0
 .rel.iplt      0x0000000008003af8        0x0 m:/stm32cubeide_1.6.0/stm32cubeide/plugins/com.st.stm32cube.ide.mcu.externaltools.gnu-tools-for-stm32.9-2020-q2-update.win32_1.5.0.202011040924/tools/bin/../lib/gcc/arm-none-eabi/9.3.1/thumb/v7-m/nofp/crtbegin.o

.ARM.extab      0x0000000008003af8        0x0
                0x0000000008003af8                . = ALIGN (0x4)
 *(.ARM.extab* .gnu.linkonce.armextab.*)
                0x0000000008003af8                . = ALIGN (0x4)

.ARM            0x0000000008003af8        0x0
                0x0000000008003af8                . = ALIGN (0x4)
                0x0000000008003af8                __exidx_start = .
 *(.ARM.exidx*)
                0x0000000008003af8                __exidx_end = .
                0x0000000008003af8                . = ALIGN (0x4)

.preinit_array  0x0000000008003af8        0x0
                0x0000000008003af8                . = ALIGN (0x4)
                0x0000000008003af8                PROVIDE (__preinit_array_start = .)
 *(.preinit_array*)
                0x0000000008003af8                PROVIDE (__preinit_array_end = .)
                0x0000000008003af8                . = ALIGN (0x4)

.init_array     0x0000000008003af8        0x4
                0x0000000008003af8                . = ALIGN (0x4)
                0x0000000008003af8                PROVIDE (__init_array_start = .)
 *(SORT_BY_NAME(.init_array.*))
 *(.init_array*)
 .init_array    0x0000000008003af8        0x4 m:/stm32cubeide_1.6.0/stm32cubeide/plugins/com.st.stm32cube.ide.mcu.externaltools.gnu-tools-for-stm32.9-2020-q2-update.win32_1.5.0.202011040924/tools/bin/../lib/gcc/arm-none-eabi/9.3.1/thumb/v7-m/nofp/crtbegin.o
                0x0000000008003afc                PROVIDE (__init_array_end = .)
                0x0000000008003afc                . = ALIGN (0x4)

.fini_array     0x0000000008003afc        0x4
                0x0000000008003afc                . = ALIGN (0x4)
                [!provide]                        PROVIDE (__fini_array_start = .)
 *(SORT_BY_NAME(.fini_array.*))
 *(.fini_array*)
 .fini_array    0x0000000008003afc        0x4 m:/stm32cubeide_1.6.0/stm32cubeide/plugins/com.st.stm32cube.ide.mcu.externaltools.gnu-tools-for-stm32.9-2020-q2-update.win32_1.5.0.202011040924/tools/bin/../lib/gcc/arm-none-eabi/9.3.1/thumb/v7-m/nofp/crtbegin.o
                [!provide]                        PROVIDE (__fini_array_end = .)
                0x0000000008003b00                . = ALIGN (0x4)
                0x0000000008003b00                _sidata = LOADADDR (.data)

.data           0x0000000020000000       0x94 load address 0x0000000008003b00
                0x0000000020000000                . = ALIGN (0x4)
                0x0000000020000000                _sdata = .
 *(.data)
 .data          0x0000000020000000        0x4 FreeRTOS/heap_2.o
 .data          0x0000000020000004        0x4 FreeRTOS/port.o
 .data          0x0000000020000008       0x14 StdPeriph_Driver/src/stm32f10x_rcc.o
 .data          0x000000002000001c       0x14 src/main.o
                0x000000002000001c                ball_vel_y
                0x0000000020000020                ball_x
                0x0000000020000024                ball_y
                0x0000000020000028                enemy_position
                0x000000002000002c                player_position
 *(.data*)
 .data._impure_ptr
                0x0000000020000030        0x4 m:/stm32cubeide_1.6.0/stm32cubeide/plugins/com.st.stm32cube.ide.mcu.externaltools.gnu-tools-for-stm32.9-2020-q2-update.win32_1.5.0.202011040924/tools/bin/../lib/gcc/arm-none-eabi/9.3.1/../../../../arm-none-eabi/lib/thumb/v7-m/nofp\libc_nano.a(lib_a-impure.o)
                0x0000000020000030                _impure_ptr
 .data.impure_data
                0x0000000020000034       0x60 m:/stm32cubeide_1.6.0/stm32cubeide/plugins/com.st.stm32cube.ide.mcu.externaltools.gnu-tools-for-stm32.9-2020-q2-update.win32_1.5.0.202011040924/tools/bin/../lib/gcc/arm-none-eabi/9.3.1/../../../../arm-none-eabi/lib/thumb/v7-m/nofp\libc_nano.a(lib_a-impure.o)
                0x0000000020000094                . = ALIGN (0x4)
                0x0000000020000094                _edata = .

.igot.plt       0x0000000020000094        0x0 load address 0x0000000008003b94
 .igot.plt      0x0000000020000094        0x0 m:/stm32cubeide_1.6.0/stm32cubeide/plugins/com.st.stm32cube.ide.mcu.externaltools.gnu-tools-for-stm32.9-2020-q2-update.win32_1.5.0.202011040924/tools/bin/../lib/gcc/arm-none-eabi/9.3.1/thumb/v7-m/nofp/crtbegin.o
                0x0000000020000094                . = ALIGN (0x4)

.bss            0x0000000020000094     0x45d4 load address 0x0000000008003b94
                0x0000000020000094                _sbss = .
                0x0000000020000094                __bss_start__ = _sbss
 *(.bss)
 .bss           0x0000000020000094       0x1c m:/stm32cubeide_1.6.0/stm32cubeide/plugins/com.st.stm32cube.ide.mcu.externaltools.gnu-tools-for-stm32.9-2020-q2-update.win32_1.5.0.202011040924/tools/bin/../lib/gcc/arm-none-eabi/9.3.1/thumb/v7-m/nofp/crtbegin.o
 .bss           0x00000000200000b0     0x4414 FreeRTOS/heap_2.o
 .bss           0x00000000200044c4      0x104 FreeRTOS/tasks.o
                0x00000000200044d0                pxCurrentTCB
 .bss           0x00000000200045c8        0x3 src/lcd.o
                0x00000000200045c8                background_color
                0x00000000200045ca                lcd_initialized
 *fill*         0x00000000200045cb        0x1 
 .bss           0x00000000200045cc       0x1c src/main.o
                0x00000000200045cc                ball_vel_x
                0x00000000200045d0                playerScore
                0x00000000200045d4                enemyScore
                0x00000000200045d8                gameOverFlag
                0x00000000200045dc                last_player_position
                0x00000000200045e0                last_enemy_position
                0x00000000200045e4                new_ball_data_flag
 .bss           0x00000000200045e8       0x10 src/stm32f10x_it.o
                0x00000000200045ec                data_indx
                0x00000000200045f4                i
 .bss           0x00000000200045f8        0x8 src/syscalls.o
                0x00000000200045fc                __env
 *(.bss*)
 .bss.__malloc_free_list
                0x0000000020004600        0x4 m:/stm32cubeide_1.6.0/stm32cubeide/plugins/com.st.stm32cube.ide.mcu.externaltools.gnu-tools-for-stm32.9-2020-q2-update.win32_1.5.0.202011040924/tools/bin/../lib/gcc/arm-none-eabi/9.3.1/../../../../arm-none-eabi/lib/thumb/v7-m/nofp\libc_nano.a(lib_a-nano-mallocr.o)
                0x0000000020004600                __malloc_free_list
 .bss.__malloc_sbrk_start
                0x0000000020004604        0x4 m:/stm32cubeide_1.6.0/stm32cubeide/plugins/com.st.stm32cube.ide.mcu.externaltools.gnu-tools-for-stm32.9-2020-q2-update.win32_1.5.0.202011040924/tools/bin/../lib/gcc/arm-none-eabi/9.3.1/../../../../arm-none-eabi/lib/thumb/v7-m/nofp\libc_nano.a(lib_a-nano-mallocr.o)
                0x0000000020004604                __malloc_sbrk_start
 *(COMMON)
 COMMON         0x0000000020004608        0x1 src/lcd.o
                0x0000000020004608                madctl
 *fill*         0x0000000020004609        0x3 
 COMMON         0x000000002000460c       0x4c src/main.o
                0x000000002000460c                pairingTaskHandler
                0x0000000020004610                pairingSemaphore
                0x0000000020004614                ballTaskHandler
                0x0000000020004618                xSemaphore
                0x000000002000461c                buff
                0x0000000020004630                usartSemaphore
                0x0000000020004634                queueusendusart1
                0x0000000020004638                gameTaskHandler
                0x000000002000463c                handler
                0x0000000020004640                queueusart1
                0x0000000020004644                data
                0x0000000020004650                playerTaskHandler
                0x0000000020004654                checkColisionsTaskHandler
 COMMON         0x0000000020004658        0x4 m:/stm32cubeide_1.6.0/stm32cubeide/plugins/com.st.stm32cube.ide.mcu.externaltools.gnu-tools-for-stm32.9-2020-q2-update.win32_1.5.0.202011040924/tools/bin/../lib/gcc/arm-none-eabi/9.3.1/../../../../arm-none-eabi/lib/thumb/v7-m/nofp\libc_nano.a(lib_a-reent.o)
                0x0000000020004658                errno
 COMMON         0x000000002000465c        0x9 m:/stm32cubeide_1.6.0/stm32cubeide/plugins/com.st.stm32cube.ide.mcu.externaltools.gnu-tools-for-stm32.9-2020-q2-update.win32_1.5.0.202011040924/tools/bin/../lib/gcc/arm-none-eabi/9.3.1/../../../../arm-none-eabi/lib/thumb/v7-m/nofp\libc_nano.a(lib_a-lock.o)
                0x000000002000465c                __lock___atexit_recursive_mutex
                0x000000002000465d                __lock___arc4random_mutex
                0x000000002000465e                __lock___env_recursive_mutex
                0x000000002000465f                __lock___sinit_recursive_mutex
                0x0000000020004660                __lock___malloc_recursive_mutex
                0x0000000020004661                __lock___at_quick_exit_mutex
                0x0000000020004662                __lock___dd_hash_mutex
                0x0000000020004663                __lock___tz_mutex
                0x0000000020004664                __lock___sfp_recursive_mutex
                0x0000000020004668                . = ALIGN (0x4)
 *fill*         0x0000000020004665        0x3 
                0x0000000020004668                _ebss = .
                0x0000000020004668                __bss_end__ = _ebss

._user_heap_stack
                0x0000000020004668      0x400 load address 0x0000000008003b94
                0x0000000020004668                . = ALIGN (0x8)
                0x0000000020004668                PROVIDE (end = .)
                [!provide]                        PROVIDE (_end = .)
                0x0000000020004668                . = (. + _Min_Heap_Size)
                0x0000000020004a68                . = (. + _Min_Stack_Size)
 *fill*         0x0000000020004668      0x400 
                0x0000000020004a68                . = ALIGN (0x8)

/DISCARD/
 libc.a(*)
 libm.a(*)
 libgcc.a(*)

.ARM.attributes
                0x0000000000000000       0x29
 *(.ARM.attributes)
 .ARM.attributes
                0x0000000000000000       0x1d m:/stm32cubeide_1.6.0/stm32cubeide/plugins/com.st.stm32cube.ide.mcu.externaltools.gnu-tools-for-stm32.9-2020-q2-update.win32_1.5.0.202011040924/tools/bin/../lib/gcc/arm-none-eabi/9.3.1/thumb/v7-m/nofp/crti.o
 .ARM.attributes
                0x000000000000001d       0x2d m:/stm32cubeide_1.6.0/stm32cubeide/plugins/com.st.stm32cube.ide.mcu.externaltools.gnu-tools-for-stm32.9-2020-q2-update.win32_1.5.0.202011040924/tools/bin/../lib/gcc/arm-none-eabi/9.3.1/thumb/v7-m/nofp/crtbegin.o
 .ARM.attributes
                0x000000000000004a       0x2d FreeRTOS/heap_2.o
 .ARM.attributes
                0x0000000000000077       0x2d FreeRTOS/list.o
 .ARM.attributes
                0x00000000000000a4       0x2d FreeRTOS/port.o
 .ARM.attributes
                0x00000000000000d1       0x2d FreeRTOS/queue.o
 .ARM.attributes
                0x00000000000000fe       0x2d FreeRTOS/tasks.o
 .ARM.attributes
                0x000000000000012b       0x2d StdPeriph_Driver/src/misc.o
 .ARM.attributes
                0x0000000000000158       0x2d StdPeriph_Driver/src/stm32f10x_exti.o
 .ARM.attributes
                0x0000000000000185       0x2d StdPeriph_Driver/src/stm32f10x_flash.o
 .ARM.attributes
                0x00000000000001b2       0x2d StdPeriph_Driver/src/stm32f10x_gpio.o
 .ARM.attributes
                0x00000000000001df       0x2d StdPeriph_Driver/src/stm32f10x_rcc.o
 .ARM.attributes
                0x000000000000020c       0x2d StdPeriph_Driver/src/stm32f10x_spi.o
 .ARM.attributes
                0x0000000000000239       0x2d StdPeriph_Driver/src/stm32f10x_usart.o
 .ARM.attributes
                0x0000000000000266       0x2d src/lcd.o
 .ARM.attributes
                0x0000000000000293       0x2d src/main.o
 .ARM.attributes
                0x00000000000002c0       0x2d src/stm32f10x_it.o
 .ARM.attributes
                0x00000000000002ed       0x2d src/syscalls.o
 .ARM.attributes
                0x000000000000031a       0x21 startup/startup_stm32.o
 .ARM.attributes
                0x000000000000033b       0x2d m:/stm32cubeide_1.6.0/stm32cubeide/plugins/com.st.stm32cube.ide.mcu.externaltools.gnu-tools-for-stm32.9-2020-q2-update.win32_1.5.0.202011040924/tools/bin/../lib/gcc/arm-none-eabi/9.3.1/../../../../arm-none-eabi/lib/thumb/v7-m/nofp\libc_nano.a(lib_a-errno.o)
 .ARM.attributes
                0x0000000000000368       0x2d m:/stm32cubeide_1.6.0/stm32cubeide/plugins/com.st.stm32cube.ide.mcu.externaltools.gnu-tools-for-stm32.9-2020-q2-update.win32_1.5.0.202011040924/tools/bin/../lib/gcc/arm-none-eabi/9.3.1/../../../../arm-none-eabi/lib/thumb/v7-m/nofp\libc_nano.a(lib_a-impure.o)
 .ARM.attributes
                0x0000000000000395       0x2d m:/stm32cubeide_1.6.0/stm32cubeide/plugins/com.st.stm32cube.ide.mcu.externaltools.gnu-tools-for-stm32.9-2020-q2-update.win32_1.5.0.202011040924/tools/bin/../lib/gcc/arm-none-eabi/9.3.1/../../../../arm-none-eabi/lib/thumb/v7-m/nofp\libc_nano.a(lib_a-init.o)
 .ARM.attributes
                0x00000000000003c2       0x2d m:/stm32cubeide_1.6.0/stm32cubeide/plugins/com.st.stm32cube.ide.mcu.externaltools.gnu-tools-for-stm32.9-2020-q2-update.win32_1.5.0.202011040924/tools/bin/../lib/gcc/arm-none-eabi/9.3.1/../../../../arm-none-eabi/lib/thumb/v7-m/nofp\libc_nano.a(lib_a-memcpy-stub.o)
 .ARM.attributes
                0x00000000000003ef       0x2d m:/stm32cubeide_1.6.0/stm32cubeide/plugins/com.st.stm32cube.ide.mcu.externaltools.gnu-tools-for-stm32.9-2020-q2-update.win32_1.5.0.202011040924/tools/bin/../lib/gcc/arm-none-eabi/9.3.1/../../../../arm-none-eabi/lib/thumb/v7-m/nofp\libc_nano.a(lib_a-sprintf.o)
 .ARM.attributes
                0x000000000000041c       0x17 m:/stm32cubeide_1.6.0/stm32cubeide/plugins/com.st.stm32cube.ide.mcu.externaltools.gnu-tools-for-stm32.9-2020-q2-update.win32_1.5.0.202011040924/tools/bin/../lib/gcc/arm-none-eabi/9.3.1/../../../../arm-none-eabi/lib/thumb/v7-m/nofp\libc_nano.a(lib_a-strlen.o)
 .ARM.attributes
                0x0000000000000433       0x2d m:/stm32cubeide_1.6.0/stm32cubeide/plugins/com.st.stm32cube.ide.mcu.externaltools.gnu-tools-for-stm32.9-2020-q2-update.win32_1.5.0.202011040924/tools/bin/../lib/gcc/arm-none-eabi/9.3.1/../../../../arm-none-eabi/lib/thumb/v7-m/nofp\libc_nano.a(lib_a-nano-svfprintf.o)
 .ARM.attributes
                0x0000000000000460       0x2d m:/stm32cubeide_1.6.0/stm32cubeide/plugins/com.st.stm32cube.ide.mcu.externaltools.gnu-tools-for-stm32.9-2020-q2-update.win32_1.5.0.202011040924/tools/bin/../lib/gcc/arm-none-eabi/9.3.1/../../../../arm-none-eabi/lib/thumb/v7-m/nofp\libc_nano.a(lib_a-nano-vfprintf_i.o)
 .ARM.attributes
                0x000000000000048d       0x2d m:/stm32cubeide_1.6.0/stm32cubeide/plugins/com.st.stm32cube.ide.mcu.externaltools.gnu-tools-for-stm32.9-2020-q2-update.win32_1.5.0.202011040924/tools/bin/../lib/gcc/arm-none-eabi/9.3.1/../../../../arm-none-eabi/lib/thumb/v7-m/nofp\libc_nano.a(lib_a-memchr-stub.o)
 .ARM.attributes
                0x00000000000004ba       0x2d m:/stm32cubeide_1.6.0/stm32cubeide/plugins/com.st.stm32cube.ide.mcu.externaltools.gnu-tools-for-stm32.9-2020-q2-update.win32_1.5.0.202011040924/tools/bin/../lib/gcc/arm-none-eabi/9.3.1/../../../../arm-none-eabi/lib/thumb/v7-m/nofp\libc_nano.a(lib_a-memmove.o)
 .ARM.attributes
                0x00000000000004e7       0x2d m:/stm32cubeide_1.6.0/stm32cubeide/plugins/com.st.stm32cube.ide.mcu.externaltools.gnu-tools-for-stm32.9-2020-q2-update.win32_1.5.0.202011040924/tools/bin/../lib/gcc/arm-none-eabi/9.3.1/../../../../arm-none-eabi/lib/thumb/v7-m/nofp\libc_nano.a(lib_a-nano-freer.o)
 .ARM.attributes
                0x0000000000000514       0x2d m:/stm32cubeide_1.6.0/stm32cubeide/plugins/com.st.stm32cube.ide.mcu.externaltools.gnu-tools-for-stm32.9-2020-q2-update.win32_1.5.0.202011040924/tools/bin/../lib/gcc/arm-none-eabi/9.3.1/../../../../arm-none-eabi/lib/thumb/v7-m/nofp\libc_nano.a(lib_a-nano-mallocr.o)
 .ARM.attributes
                0x0000000000000541       0x2d m:/stm32cubeide_1.6.0/stm32cubeide/plugins/com.st.stm32cube.ide.mcu.externaltools.gnu-tools-for-stm32.9-2020-q2-update.win32_1.5.0.202011040924/tools/bin/../lib/gcc/arm-none-eabi/9.3.1/../../../../arm-none-eabi/lib/thumb/v7-m/nofp\libc_nano.a(lib_a-nano-reallocr.o)
 .ARM.attributes
                0x000000000000056e       0x2d m:/stm32cubeide_1.6.0/stm32cubeide/plugins/com.st.stm32cube.ide.mcu.externaltools.gnu-tools-for-stm32.9-2020-q2-update.win32_1.5.0.202011040924/tools/bin/../lib/gcc/arm-none-eabi/9.3.1/../../../../arm-none-eabi/lib/thumb/v7-m/nofp\libc_nano.a(lib_a-sbrkr.o)
 .ARM.attributes
                0x000000000000059b       0x2d m:/stm32cubeide_1.6.0/stm32cubeide/plugins/com.st.stm32cube.ide.mcu.externaltools.gnu-tools-for-stm32.9-2020-q2-update.win32_1.5.0.202011040924/tools/bin/../lib/gcc/arm-none-eabi/9.3.1/../../../../arm-none-eabi/lib/thumb/v7-m/nofp\libc_nano.a(lib_a-mlock.o)
 .ARM.attributes
                0x00000000000005c8       0x2d m:/stm32cubeide_1.6.0/stm32cubeide/plugins/com.st.stm32cube.ide.mcu.externaltools.gnu-tools-for-stm32.9-2020-q2-update.win32_1.5.0.202011040924/tools/bin/../lib/gcc/arm-none-eabi/9.3.1/../../../../arm-none-eabi/lib/thumb/v7-m/nofp\libc_nano.a(lib_a-nano-msizer.o)
 .ARM.attributes
                0x00000000000005f5       0x2d m:/stm32cubeide_1.6.0/stm32cubeide/plugins/com.st.stm32cube.ide.mcu.externaltools.gnu-tools-for-stm32.9-2020-q2-update.win32_1.5.0.202011040924/tools/bin/../lib/gcc/arm-none-eabi/9.3.1/../../../../arm-none-eabi/lib/thumb/v7-m/nofp\libc_nano.a(lib_a-reent.o)
 .ARM.attributes
                0x0000000000000622       0x2d m:/stm32cubeide_1.6.0/stm32cubeide/plugins/com.st.stm32cube.ide.mcu.externaltools.gnu-tools-for-stm32.9-2020-q2-update.win32_1.5.0.202011040924/tools/bin/../lib/gcc/arm-none-eabi/9.3.1/../../../../arm-none-eabi/lib/thumb/v7-m/nofp\libc_nano.a(lib_a-lock.o)
 .ARM.attributes
                0x000000000000064f       0x1d m:/stm32cubeide_1.6.0/stm32cubeide/plugins/com.st.stm32cube.ide.mcu.externaltools.gnu-tools-for-stm32.9-2020-q2-update.win32_1.5.0.202011040924/tools/bin/../lib/gcc/arm-none-eabi/9.3.1/thumb/v7-m/nofp\libgcc.a(_arm_fixsfsi.o)
 .ARM.attributes
                0x000000000000066c       0x1d m:/stm32cubeide_1.6.0/stm32cubeide/plugins/com.st.stm32cube.ide.mcu.externaltools.gnu-tools-for-stm32.9-2020-q2-update.win32_1.5.0.202011040924/tools/bin/../lib/gcc/arm-none-eabi/9.3.1/thumb/v7-m/nofp/crtn.o
OUTPUT(3SO_FreeRTOS.elf elf32-littlearm)
LOAD linker stubs
LOAD m:/stm32cubeide_1.6.0/stm32cubeide/plugins/com.st.stm32cube.ide.mcu.externaltools.gnu-tools-for-stm32.9-2020-q2-update.win32_1.5.0.202011040924/tools/bin/../lib/gcc/arm-none-eabi/9.3.1/../../../../arm-none-eabi/lib/thumb/v7-m/nofp\libc.a
LOAD m:/stm32cubeide_1.6.0/stm32cubeide/plugins/com.st.stm32cube.ide.mcu.externaltools.gnu-tools-for-stm32.9-2020-q2-update.win32_1.5.0.202011040924/tools/bin/../lib/gcc/arm-none-eabi/9.3.1/../../../../arm-none-eabi/lib/thumb/v7-m/nofp\libm.a
LOAD m:/stm32cubeide_1.6.0/stm32cubeide/plugins/com.st.stm32cube.ide.mcu.externaltools.gnu-tools-for-stm32.9-2020-q2-update.win32_1.5.0.202011040924/tools/bin/../lib/gcc/arm-none-eabi/9.3.1/thumb/v7-m/nofp\libgcc.a

.debug_info     0x0000000000000000    0x11c2b
 .debug_info    0x0000000000000000      0xc5d FreeRTOS/heap_2.o
 .debug_info    0x0000000000000c5d      0xba7 FreeRTOS/list.o
 .debug_info    0x0000000000001804      0x378 FreeRTOS/port.o
 .debug_info    0x0000000000001b7c     0x2232 FreeRTOS/queue.o
 .debug_info    0x0000000000003dae     0x2bac FreeRTOS/tasks.o
 .debug_info    0x000000000000695a      0x54e StdPeriph_Driver/src/misc.o
 .debug_info    0x0000000000006ea8      0x392 StdPeriph_Driver/src/stm32f10x_exti.o
 .debug_info    0x000000000000723a      0xab7 StdPeriph_Driver/src/stm32f10x_flash.o
 .debug_info    0x0000000000007cf1      0x8a2 StdPeriph_Driver/src/stm32f10x_gpio.o
 .debug_info    0x0000000000008593      0x99b StdPeriph_Driver/src/stm32f10x_rcc.o
 .debug_info    0x0000000000008f2e      0xa98 StdPeriph_Driver/src/stm32f10x_spi.o
 .debug_info    0x00000000000099c6      0xbcb StdPeriph_Driver/src/stm32f10x_usart.o
 .debug_info    0x000000000000a591     0x2d00 src/lcd.o
 .debug_info    0x000000000000d291     0x2820 src/main.o
 .debug_info    0x000000000000fab1      0xff6 src/stm32f10x_it.o
 .debug_info    0x0000000000010aa7     0x1162 src/syscalls.o
 .debug_info    0x0000000000011c09       0x22 startup/startup_stm32.o

.debug_abbrev   0x0000000000000000     0x2e68
 .debug_abbrev  0x0000000000000000      0x2f5 FreeRTOS/heap_2.o
 .debug_abbrev  0x00000000000002f5      0x20e FreeRTOS/list.o
 .debug_abbrev  0x0000000000000503      0x240 FreeRTOS/port.o
 .debug_abbrev  0x0000000000000743      0x3fe FreeRTOS/queue.o
 .debug_abbrev  0x0000000000000b41      0x4d8 FreeRTOS/tasks.o
 .debug_abbrev  0x0000000000001019      0x1c1 StdPeriph_Driver/src/misc.o
 .debug_abbrev  0x00000000000011da      0x1fb StdPeriph_Driver/src/stm32f10x_exti.o
 .debug_abbrev  0x00000000000013d5      0x28b StdPeriph_Driver/src/stm32f10x_flash.o
 .debug_abbrev  0x0000000000001660      0x265 StdPeriph_Driver/src/stm32f10x_gpio.o
 .debug_abbrev  0x00000000000018c5      0x22d StdPeriph_Driver/src/stm32f10x_rcc.o
 .debug_abbrev  0x0000000000001af2      0x239 StdPeriph_Driver/src/stm32f10x_spi.o
 .debug_abbrev  0x0000000000001d2b      0x223 StdPeriph_Driver/src/stm32f10x_usart.o
 .debug_abbrev  0x0000000000001f4e      0x3f0 src/lcd.o
 .debug_abbrev  0x000000000000233e      0x4de src/main.o
 .debug_abbrev  0x000000000000281c      0x316 src/stm32f10x_it.o
 .debug_abbrev  0x0000000000002b32      0x324 src/syscalls.o
 .debug_abbrev  0x0000000000002e56       0x12 startup/startup_stm32.o

.debug_loc      0x0000000000000000     0x69e2
 .debug_loc     0x0000000000000000      0x24a FreeRTOS/heap_2.o
 .debug_loc     0x000000000000024a       0xaf FreeRTOS/list.o
 .debug_loc     0x00000000000002f9       0xbe FreeRTOS/port.o
 .debug_loc     0x00000000000003b7     0x12ec FreeRTOS/queue.o
 .debug_loc     0x00000000000016a3     0x19cd FreeRTOS/tasks.o
 .debug_loc     0x0000000000003070      0x1ab StdPeriph_Driver/src/misc.o
 .debug_loc     0x000000000000321b      0x17b StdPeriph_Driver/src/stm32f10x_exti.o
 .debug_loc     0x0000000000003396      0x872 StdPeriph_Driver/src/stm32f10x_flash.o
 .debug_loc     0x0000000000003c08      0x635 StdPeriph_Driver/src/stm32f10x_gpio.o
 .debug_loc     0x000000000000423d      0x616 StdPeriph_Driver/src/stm32f10x_rcc.o
 .debug_loc     0x0000000000004853      0x68b StdPeriph_Driver/src/stm32f10x_spi.o
 .debug_loc     0x0000000000004ede      0x7d8 StdPeriph_Driver/src/stm32f10x_usart.o
 .debug_loc     0x00000000000056b6      0xc0f src/lcd.o
 .debug_loc     0x00000000000062c5      0x28a src/main.o
 .debug_loc     0x000000000000654f       0x44 src/stm32f10x_it.o
 .debug_loc     0x0000000000006593      0x44f src/syscalls.o

.debug_aranges  0x0000000000000000      0xa68
 .debug_aranges
                0x0000000000000000       0x38 FreeRTOS/heap_2.o
 .debug_aranges
                0x0000000000000038       0x40 FreeRTOS/list.o
 .debug_aranges
                0x0000000000000078       0x70 FreeRTOS/port.o
 .debug_aranges
                0x00000000000000e8       0xc0 FreeRTOS/queue.o
 .debug_aranges
                0x00000000000001a8      0x168 FreeRTOS/tasks.o
 .debug_aranges
                0x0000000000000310       0x40 StdPeriph_Driver/src/misc.o
 .debug_aranges
                0x0000000000000350       0x50 StdPeriph_Driver/src/stm32f10x_exti.o
 .debug_aranges
                0x00000000000003a0       0xd8 StdPeriph_Driver/src/stm32f10x_flash.o
 .debug_aranges
                0x0000000000000478       0xa8 StdPeriph_Driver/src/stm32f10x_gpio.o
 .debug_aranges
                0x0000000000000520      0x118 StdPeriph_Driver/src/stm32f10x_rcc.o
 .debug_aranges
                0x0000000000000638       0xd0 StdPeriph_Driver/src/stm32f10x_spi.o
 .debug_aranges
                0x0000000000000708      0x100 StdPeriph_Driver/src/stm32f10x_usart.o
 .debug_aranges
                0x0000000000000808       0xb0 src/lcd.o
 .debug_aranges
                0x00000000000008b8       0x80 src/main.o
 .debug_aranges
                0x0000000000000938       0x58 src/stm32f10x_it.o
 .debug_aranges
                0x0000000000000990       0xb0 src/syscalls.o
 .debug_aranges
                0x0000000000000a40       0x28 startup/startup_stm32.o

.debug_ranges   0x0000000000000000      0xe18
 .debug_ranges  0x0000000000000000       0x40 FreeRTOS/heap_2.o
 .debug_ranges  0x0000000000000040       0x30 FreeRTOS/list.o
 .debug_ranges  0x0000000000000070       0x78 FreeRTOS/port.o
 .debug_ranges  0x00000000000000e8      0x250 FreeRTOS/queue.o
 .debug_ranges  0x0000000000000338      0x2b0 FreeRTOS/tasks.o
 .debug_ranges  0x00000000000005e8       0x30 StdPeriph_Driver/src/misc.o
 .debug_ranges  0x0000000000000618       0x40 StdPeriph_Driver/src/stm32f10x_exti.o
 .debug_ranges  0x0000000000000658       0xc8 StdPeriph_Driver/src/stm32f10x_flash.o
 .debug_ranges  0x0000000000000720       0x98 StdPeriph_Driver/src/stm32f10x_gpio.o
 .debug_ranges  0x00000000000007b8      0x108 StdPeriph_Driver/src/stm32f10x_rcc.o
 .debug_ranges  0x00000000000008c0       0xc0 StdPeriph_Driver/src/stm32f10x_spi.o
 .debug_ranges  0x0000000000000980       0xf0 StdPeriph_Driver/src/stm32f10x_usart.o
 .debug_ranges  0x0000000000000a70      0x138 src/lcd.o
 .debug_ranges  0x0000000000000ba8      0x138 src/main.o
 .debug_ranges  0x0000000000000ce0       0x60 src/stm32f10x_it.o
 .debug_ranges  0x0000000000000d40       0xb8 src/syscalls.o
 .debug_ranges  0x0000000000000df8       0x20 startup/startup_stm32.o

.debug_macro    0x0000000000000000     0x4f69
 .debug_macro   0x0000000000000000      0x2cd FreeRTOS/heap_2.o
 .debug_macro   0x00000000000002cd      0x2a0 FreeRTOS/list.o
 .debug_macro   0x000000000000056d      0x28b FreeRTOS/port.o
 .debug_macro   0x00000000000007f8      0x32f FreeRTOS/queue.o
 .debug_macro   0x0000000000000b27       0x16 FreeRTOS/queue.o
 .debug_macro   0x0000000000000b3d       0x35 FreeRTOS/queue.o
 .debug_macro   0x0000000000000b72       0x20 FreeRTOS/queue.o
 .debug_macro   0x0000000000000b92       0x80 FreeRTOS/queue.o
 .debug_macro   0x0000000000000c12      0x399 FreeRTOS/tasks.o
 .debug_macro   0x0000000000000fab       0x10 FreeRTOS/tasks.o
 .debug_macro   0x0000000000000fbb      0x18b StdPeriph_Driver/src/misc.o
 .debug_macro   0x0000000000001146       0x22 StdPeriph_Driver/src/misc.o
 .debug_macro   0x0000000000001168      0x69f StdPeriph_Driver/src/misc.o
 .debug_macro   0x0000000000001807       0x85 StdPeriph_Driver/src/misc.o
 .debug_macro   0x000000000000188c      0x18b StdPeriph_Driver/src/stm32f10x_exti.o
 .debug_macro   0x0000000000001a17       0x94 StdPeriph_Driver/src/stm32f10x_exti.o
 .debug_macro   0x0000000000001aab      0x22d StdPeriph_Driver/src/stm32f10x_flash.o
 .debug_macro   0x0000000000001cd8      0x2c9 StdPeriph_Driver/src/stm32f10x_flash.o
 .debug_macro   0x0000000000001fa1      0x1d7 StdPeriph_Driver/src/stm32f10x_gpio.o
 .debug_macro   0x0000000000002178      0x2a6 StdPeriph_Driver/src/stm32f10x_gpio.o
 .debug_macro   0x000000000000241e      0x2a1 StdPeriph_Driver/src/stm32f10x_rcc.o
 .debug_macro   0x00000000000026bf      0x3dc StdPeriph_Driver/src/stm32f10x_rcc.o
 .debug_macro   0x0000000000002a9b      0x1ef StdPeriph_Driver/src/stm32f10x_spi.o
 .debug_macro   0x0000000000002c8a      0x2be StdPeriph_Driver/src/stm32f10x_spi.o
 .debug_macro   0x0000000000002f48      0x23d StdPeriph_Driver/src/stm32f10x_usart.o
 .debug_macro   0x0000000000003185      0x21a StdPeriph_Driver/src/stm32f10x_usart.o
 .debug_macro   0x000000000000339f      0x32c src/lcd.o
 .debug_macro   0x00000000000036cb      0x112 src/lcd.o
 .debug_macro   0x00000000000037dd       0x16 src/lcd.o
 .debug_macro   0x00000000000037f3       0x97 src/lcd.o
 .debug_macro   0x000000000000388a       0xfd src/lcd.o
 .debug_macro   0x0000000000003987       0x10 src/lcd.o
 .debug_macro   0x0000000000003997       0x10 src/lcd.o
 .debug_macro   0x00000000000039a7       0x1c src/lcd.o
 .debug_macro   0x00000000000039c3       0x52 src/lcd.o
 .debug_macro   0x0000000000003a15       0x22 src/lcd.o
 .debug_macro   0x0000000000003a37       0x10 src/lcd.o
 .debug_macro   0x0000000000003a47       0x40 src/lcd.o
 .debug_macro   0x0000000000003a87       0xd5 src/lcd.o
 .debug_macro   0x0000000000003b5c       0x1c src/lcd.o
 .debug_macro   0x0000000000003b78       0x3d src/lcd.o
 .debug_macro   0x0000000000003bb5       0x16 src/lcd.o
 .debug_macro   0x0000000000003bcb      0x145 src/lcd.o
 .debug_macro   0x0000000000003d10      0x438 src/main.o
 .debug_macro   0x0000000000004148       0x16 src/main.o
 .debug_macro   0x000000000000415e       0x10 src/main.o
 .debug_macro   0x000000000000416e       0x10 src/main.o
 .debug_macro   0x000000000000417e       0x35 src/main.o
 .debug_macro   0x00000000000041b3       0xb6 src/main.o
 .debug_macro   0x0000000000004269       0x69 src/main.o
 .debug_macro   0x00000000000042d2      0x30d src/stm32f10x_it.o
 .debug_macro   0x00000000000045df      0x118 src/stm32f10x_it.o
 .debug_macro   0x00000000000046f7      0x24c src/syscalls.o
 .debug_macro   0x0000000000004943       0x10 src/syscalls.o
 .debug_macro   0x0000000000004953      0x12c src/syscalls.o
 .debug_macro   0x0000000000004a7f       0x10 src/syscalls.o
 .debug_macro   0x0000000000004a8f      0x241 src/syscalls.o
 .debug_macro   0x0000000000004cd0       0x1c src/syscalls.o
 .debug_macro   0x0000000000004cec       0x10 src/syscalls.o
 .debug_macro   0x0000000000004cfc      0x189 src/syscalls.o
 .debug_macro   0x0000000000004e85       0x16 src/syscalls.o
 .debug_macro   0x0000000000004e9b       0xce src/syscalls.o

.debug_line     0x0000000000000000     0xdea2
 .debug_line    0x0000000000000000      0xaf8 FreeRTOS/heap_2.o
 .debug_line    0x0000000000000af8      0xa5d FreeRTOS/list.o
 .debug_line    0x0000000000001555      0x9db FreeRTOS/port.o
 .debug_line    0x0000000000001f30     0x163e FreeRTOS/queue.o
 .debug_line    0x000000000000356e     0x20ec FreeRTOS/tasks.o
 .debug_line    0x000000000000565a      0x785 StdPeriph_Driver/src/misc.o
 .debug_line    0x0000000000005ddf      0x7f9 StdPeriph_Driver/src/stm32f10x_exti.o
 .debug_line    0x00000000000065d8      0xe49 StdPeriph_Driver/src/stm32f10x_flash.o
 .debug_line    0x0000000000007421      0xb77 StdPeriph_Driver/src/stm32f10x_gpio.o
 .debug_line    0x0000000000007f98      0xd61 StdPeriph_Driver/src/stm32f10x_rcc.o
 .debug_line    0x0000000000008cf9      0xc04 StdPeriph_Driver/src/stm32f10x_spi.o
 .debug_line    0x00000000000098fd      0xd91 StdPeriph_Driver/src/stm32f10x_usart.o
 .debug_line    0x000000000000a68e     0x1112 src/lcd.o
 .debug_line    0x000000000000b7a0     0x122a src/main.o
 .debug_line    0x000000000000c9ca      0xb56 src/stm32f10x_it.o
 .debug_line    0x000000000000d520      0x90c src/syscalls.o
 .debug_line    0x000000000000de2c       0x76 startup/startup_stm32.o

.debug_str      0x0000000000000000    0x5d991
 .debug_str     0x0000000000000000    0x5433b FreeRTOS/heap_2.o
                                      0x545ec (size before relaxing)
 .debug_str     0x000000000005433b      0x11e FreeRTOS/list.o
                                      0x53da1 (size before relaxing)
 .debug_str     0x0000000000054459      0x678 FreeRTOS/port.o
                                      0x5162e (size before relaxing)
 .debug_str     0x0000000000054ad1      0xf70 FreeRTOS/queue.o
                                      0x55392 (size before relaxing)
 .debug_str     0x0000000000055a41     0x182a FreeRTOS/tasks.o
                                      0x55f3d (size before relaxing)
 .debug_str     0x000000000005726b      0x283 StdPeriph_Driver/src/misc.o
                                      0x4d520 (size before relaxing)
 .debug_str     0x00000000000574ee      0x1e5 StdPeriph_Driver/src/stm32f10x_exti.o
                                      0x4d4a9 (size before relaxing)
 .debug_str     0x00000000000576d3      0x7f5 StdPeriph_Driver/src/stm32f10x_flash.o
                                      0x4db0a (size before relaxing)
 .debug_str     0x0000000000057ec8      0x5bb StdPeriph_Driver/src/stm32f10x_gpio.o
                                      0x4d8af (size before relaxing)
 .debug_str     0x0000000000058483      0xb3d StdPeriph_Driver/src/stm32f10x_rcc.o
                                      0x4de7e (size before relaxing)
 .debug_str     0x0000000000058fc0      0x5dc StdPeriph_Driver/src/stm32f10x_spi.o
                                      0x4d9d8 (size before relaxing)
 .debug_str     0x000000000005959c      0x7e9 StdPeriph_Driver/src/stm32f10x_usart.o
                                      0x4dbe8 (size before relaxing)
 .debug_str     0x0000000000059d85     0x150b src/lcd.o
                                      0x521a9 (size before relaxing)
 .debug_str     0x000000000005b290      0xe71 src/main.o
                                      0x5722a (size before relaxing)
 .debug_str     0x000000000005c101      0x434 src/stm32f10x_it.o
                                      0x55894 (size before relaxing)
 .debug_str     0x000000000005c535     0x1433 src/syscalls.o
                                       0x8f0f (size before relaxing)
 .debug_str     0x000000000005d968       0x29 startup/startup_stm32.o
                                         0x6c (size before relaxing)

.comment        0x0000000000000000       0x53
 .comment       0x0000000000000000       0x53 FreeRTOS/heap_2.o
                                         0x54 (size before relaxing)
 .comment       0x0000000000000053       0x54 FreeRTOS/list.o
 .comment       0x0000000000000053       0x54 FreeRTOS/port.o
 .comment       0x0000000000000053       0x54 FreeRTOS/queue.o
 .comment       0x0000000000000053       0x54 FreeRTOS/tasks.o
 .comment       0x0000000000000053       0x54 StdPeriph_Driver/src/misc.o
 .comment       0x0000000000000053       0x54 StdPeriph_Driver/src/stm32f10x_exti.o
 .comment       0x0000000000000053       0x54 StdPeriph_Driver/src/stm32f10x_flash.o
 .comment       0x0000000000000053       0x54 StdPeriph_Driver/src/stm32f10x_gpio.o
 .comment       0x0000000000000053       0x54 StdPeriph_Driver/src/stm32f10x_rcc.o
 .comment       0x0000000000000053       0x54 StdPeriph_Driver/src/stm32f10x_spi.o
 .comment       0x0000000000000053       0x54 StdPeriph_Driver/src/stm32f10x_usart.o
 .comment       0x0000000000000053       0x54 src/lcd.o
 .comment       0x0000000000000053       0x54 src/main.o
 .comment       0x0000000000000053       0x54 src/stm32f10x_it.o
 .comment       0x0000000000000053       0x54 src/syscalls.o

.debug_frame    0x0000000000000000     0x2178
 .debug_frame   0x0000000000000000       0x74 FreeRTOS/heap_2.o
 .debug_frame   0x0000000000000074       0x6c FreeRTOS/list.o
 .debug_frame   0x00000000000000e0       0xd8 FreeRTOS/port.o
 .debug_frame   0x00000000000001b8      0x278 FreeRTOS/queue.o
 .debug_frame   0x0000000000000430      0x4bc FreeRTOS/tasks.o
 .debug_frame   0x00000000000008ec       0x6c StdPeriph_Driver/src/misc.o
 .debug_frame   0x0000000000000958       0x9c StdPeriph_Driver/src/stm32f10x_exti.o
 .debug_frame   0x00000000000009f4      0x244 StdPeriph_Driver/src/stm32f10x_flash.o
 .debug_frame   0x0000000000000c38      0x170 StdPeriph_Driver/src/stm32f10x_gpio.o
 .debug_frame   0x0000000000000da8      0x220 StdPeriph_Driver/src/stm32f10x_rcc.o
 .debug_frame   0x0000000000000fc8      0x1c0 StdPeriph_Driver/src/stm32f10x_spi.o
 .debug_frame   0x0000000000001188      0x224 StdPeriph_Driver/src/stm32f10x_usart.o
 .debug_frame   0x00000000000013ac      0x2d0 src/lcd.o
 .debug_frame   0x000000000000167c      0x160 src/main.o
 .debug_frame   0x00000000000017dc      0x384 src/stm32f10x_it.o
 .debug_frame   0x0000000000001b60      0x1a8 src/syscalls.o
 .debug_frame   0x0000000000001d08       0x20 m:/stm32cubeide_1.6.0/stm32cubeide/plugins/com.st.stm32cube.ide.mcu.externaltools.gnu-tools-for-stm32.9-2020-q2-update.win32_1.5.0.202011040924/tools/bin/../lib/gcc/arm-none-eabi/9.3.1/../../../../arm-none-eabi/lib/thumb/v7-m/nofp\libc_nano.a(lib_a-errno.o)
 .debug_frame   0x0000000000001d28       0x2c m:/stm32cubeide_1.6.0/stm32cubeide/plugins/com.st.stm32cube.ide.mcu.externaltools.gnu-tools-for-stm32.9-2020-q2-update.win32_1.5.0.202011040924/tools/bin/../lib/gcc/arm-none-eabi/9.3.1/../../../../arm-none-eabi/lib/thumb/v7-m/nofp\libc_nano.a(lib_a-init.o)
 .debug_frame   0x0000000000001d54       0x28 m:/stm32cubeide_1.6.0/stm32cubeide/plugins/com.st.stm32cube.ide.mcu.externaltools.gnu-tools-for-stm32.9-2020-q2-update.win32_1.5.0.202011040924/tools/bin/../lib/gcc/arm-none-eabi/9.3.1/../../../../arm-none-eabi/lib/thumb/v7-m/nofp\libc_nano.a(lib_a-memcpy-stub.o)
 .debug_frame   0x0000000000001d7c       0x6c m:/stm32cubeide_1.6.0/stm32cubeide/plugins/com.st.stm32cube.ide.mcu.externaltools.gnu-tools-for-stm32.9-2020-q2-update.win32_1.5.0.202011040924/tools/bin/../lib/gcc/arm-none-eabi/9.3.1/../../../../arm-none-eabi/lib/thumb/v7-m/nofp\libc_nano.a(lib_a-sprintf.o)
 .debug_frame   0x0000000000001de8       0x90 m:/stm32cubeide_1.6.0/stm32cubeide/plugins/com.st.stm32cube.ide.mcu.externaltools.gnu-tools-for-stm32.9-2020-q2-update.win32_1.5.0.202011040924/tools/bin/../lib/gcc/arm-none-eabi/9.3.1/../../../../arm-none-eabi/lib/thumb/v7-m/nofp\libc_nano.a(lib_a-nano-svfprintf.o)
 .debug_frame   0x0000000000001e78       0x60 m:/stm32cubeide_1.6.0/stm32cubeide/plugins/com.st.stm32cube.ide.mcu.externaltools.gnu-tools-for-stm32.9-2020-q2-update.win32_1.5.0.202011040924/tools/bin/../lib/gcc/arm-none-eabi/9.3.1/../../../../arm-none-eabi/lib/thumb/v7-m/nofp\libc_nano.a(lib_a-nano-vfprintf_i.o)
 .debug_frame   0x0000000000001ed8       0x28 m:/stm32cubeide_1.6.0/stm32cubeide/plugins/com.st.stm32cube.ide.mcu.externaltools.gnu-tools-for-stm32.9-2020-q2-update.win32_1.5.0.202011040924/tools/bin/../lib/gcc/arm-none-eabi/9.3.1/../../../../arm-none-eabi/lib/thumb/v7-m/nofp\libc_nano.a(lib_a-memchr-stub.o)
 .debug_frame   0x0000000000001f00       0x28 m:/stm32cubeide_1.6.0/stm32cubeide/plugins/com.st.stm32cube.ide.mcu.externaltools.gnu-tools-for-stm32.9-2020-q2-update.win32_1.5.0.202011040924/tools/bin/../lib/gcc/arm-none-eabi/9.3.1/../../../../arm-none-eabi/lib/thumb/v7-m/nofp\libc_nano.a(lib_a-memmove.o)
 .debug_frame   0x0000000000001f28       0x38 m:/stm32cubeide_1.6.0/stm32cubeide/plugins/com.st.stm32cube.ide.mcu.externaltools.gnu-tools-for-stm32.9-2020-q2-update.win32_1.5.0.202011040924/tools/bin/../lib/gcc/arm-none-eabi/9.3.1/../../../../arm-none-eabi/lib/thumb/v7-m/nofp\libc_nano.a(lib_a-nano-freer.o)
 .debug_frame   0x0000000000001f60       0x30 m:/stm32cubeide_1.6.0/stm32cubeide/plugins/com.st.stm32cube.ide.mcu.externaltools.gnu-tools-for-stm32.9-2020-q2-update.win32_1.5.0.202011040924/tools/bin/../lib/gcc/arm-none-eabi/9.3.1/../../../../arm-none-eabi/lib/thumb/v7-m/nofp\libc_nano.a(lib_a-nano-mallocr.o)
 .debug_frame   0x0000000000001f90       0x3c m:/stm32cubeide_1.6.0/stm32cubeide/plugins/com.st.stm32cube.ide.mcu.externaltools.gnu-tools-for-stm32.9-2020-q2-update.win32_1.5.0.202011040924/tools/bin/../lib/gcc/arm-none-eabi/9.3.1/../../../../arm-none-eabi/lib/thumb/v7-m/nofp\libc_nano.a(lib_a-nano-reallocr.o)
 .debug_frame   0x0000000000001fcc       0x2c m:/stm32cubeide_1.6.0/stm32cubeide/plugins/com.st.stm32cube.ide.mcu.externaltools.gnu-tools-for-stm32.9-2020-q2-update.win32_1.5.0.202011040924/tools/bin/../lib/gcc/arm-none-eabi/9.3.1/../../../../arm-none-eabi/lib/thumb/v7-m/nofp\libc_nano.a(lib_a-sbrkr.o)
 .debug_frame   0x0000000000001ff8       0x30 m:/stm32cubeide_1.6.0/stm32cubeide/plugins/com.st.stm32cube.ide.mcu.externaltools.gnu-tools-for-stm32.9-2020-q2-update.win32_1.5.0.202011040924/tools/bin/../lib/gcc/arm-none-eabi/9.3.1/../../../../arm-none-eabi/lib/thumb/v7-m/nofp\libc_nano.a(lib_a-mlock.o)
 .debug_frame   0x0000000000002028       0x20 m:/stm32cubeide_1.6.0/stm32cubeide/plugins/com.st.stm32cube.ide.mcu.externaltools.gnu-tools-for-stm32.9-2020-q2-update.win32_1.5.0.202011040924/tools/bin/../lib/gcc/arm-none-eabi/9.3.1/../../../../arm-none-eabi/lib/thumb/v7-m/nofp\libc_nano.a(lib_a-nano-msizer.o)
 .debug_frame   0x0000000000002048       0x5c m:/stm32cubeide_1.6.0/stm32cubeide/plugins/com.st.stm32cube.ide.mcu.externaltools.gnu-tools-for-stm32.9-2020-q2-update.win32_1.5.0.202011040924/tools/bin/../lib/gcc/arm-none-eabi/9.3.1/../../../../arm-none-eabi/lib/thumb/v7-m/nofp\libc_nano.a(lib_a-reent.o)
 .debug_frame   0x00000000000020a4       0xb0 m:/stm32cubeide_1.6.0/stm32cubeide/plugins/com.st.stm32cube.ide.mcu.externaltools.gnu-tools-for-stm32.9-2020-q2-update.win32_1.5.0.202011040924/tools/bin/../lib/gcc/arm-none-eabi/9.3.1/../../../../arm-none-eabi/lib/thumb/v7-m/nofp\libc_nano.a(lib_a-lock.o)
 .debug_frame   0x0000000000002154       0x24 m:/stm32cubeide_1.6.0/stm32cubeide/plugins/com.st.stm32cube.ide.mcu.externaltools.gnu-tools-for-stm32.9-2020-q2-update.win32_1.5.0.202011040924/tools/bin/../lib/gcc/arm-none-eabi/9.3.1/thumb/v7-m/nofp\libgcc.a(_arm_fixsfsi.o)
