stm32f10x_it.c:46:6:NMIException	0	static
stm32f10x_it.c:57:6:HardFaultException	0	static
stm32f10x_it.c:72:6:MemManageException	0	static
stm32f10x_it.c:87:6:BusFaultException	0	static
stm32f10x_it.c:102:6:UsageFaultException	0	static
stm32f10x_it.c:117:6:DebugMonitor	0	static
stm32f10x_it.c:128:6:SVCHandler	0	static
stm32f10x_it.c:139:6:PendSVC	0	static
stm32f10x_it.c:150:6:SysTickHandler	0	static
stm32f10x_it.c:161:6:WWDG_IRQHandler	0	static
stm32f10x_it.c:172:6:PVD_IRQHandler	0	static
stm32f10x_it.c:183:6:TAMPER_IRQHandler	0	static
stm32f10x_it.c:194:6:RTC_IRQHandler	0	static
stm32f10x_it.c:205:6:FLASH_IRQHandler	0	static
stm32f10x_it.c:216:6:RCC_IRQHandler	0	static
stm32f10x_it.c:227:6:EXTI0_IRQHandler	0	static
stm32f10x_it.c:239:6:EXTI1_IRQHandler	8	static,ignoring_inline_asm
stm32f10x_it.c:256:6:EXTI2_IRQHandler	0	static
stm32f10x_it.c:267:6:EXTI3_IRQHandler	0	static
stm32f10x_it.c:278:6:EXTI4_IRQHandler	0	static
stm32f10x_it.c:289:6:DMA1_Channel1_IRQHandler	0	static
stm32f10x_it.c:300:6:DMA1_Channel2_IRQHandler	0	static
stm32f10x_it.c:311:6:DMA1_Channel3_IRQHandler	0	static
stm32f10x_it.c:322:6:DMA1_Channel4_IRQHandler	0	static
stm32f10x_it.c:333:6:DMA1_Channel5_IRQHandler	0	static
stm32f10x_it.c:344:6:DMA1_Channel6_IRQHandler	0	static
stm32f10x_it.c:355:6:DMA1_Channel7_IRQHandler	0	static
stm32f10x_it.c:366:6:ADC1_2_IRQHandler	0	static
stm32f10x_it.c:378:6:USB_HP_CAN_TX_IRQHandler	0	static
stm32f10x_it.c:390:6:USB_LP_CAN_RX0_IRQHandler	0	static
stm32f10x_it.c:401:6:CAN_RX1_IRQHandler	0	static
stm32f10x_it.c:412:6:CAN_SCE_IRQHandler	0	static
stm32f10x_it.c:423:6:EXTI9_5_IRQHandler	0	static
stm32f10x_it.c:434:6:TIM1_BRK_IRQHandler	0	static
stm32f10x_it.c:446:6:TIM1_UP_IRQHandler	0	static
stm32f10x_it.c:458:6:TIM1_TRG_COM_IRQHandler	0	static
stm32f10x_it.c:469:6:TIM1_CC_IRQHandler	0	static
stm32f10x_it.c:480:6:TIM2_IRQHandler	0	static
stm32f10x_it.c:491:6:TIM3_IRQHandler	0	static
stm32f10x_it.c:502:6:TIM4_IRQHandler	0	static
stm32f10x_it.c:513:6:I2C1_EV_IRQHandler	0	static
stm32f10x_it.c:524:6:I2C1_ER_IRQHandler	0	static
stm32f10x_it.c:535:6:I2C2_EV_IRQHandler	0	static
stm32f10x_it.c:546:6:I2C2_ER_IRQHandler	0	static
stm32f10x_it.c:557:6:SPI1_IRQHandler	0	static
stm32f10x_it.c:568:6:SPI2_IRQHandler	0	static
stm32f10x_it.c:579:6:USART1_IRQHandler	8	static,ignoring_inline_asm
stm32f10x_it.c:620:6:USART2_IRQHandler	0	static
stm32f10x_it.c:631:6:USART3_IRQHandler	0	static
stm32f10x_it.c:642:6:EXTI15_10_IRQHandler	16	static
stm32f10x_it.c:683:6:RTCAlarm_IRQHandler	0	static
stm32f10x_it.c:694:6:USBWakeUp_IRQHandler	0	static
